Component: ARM Compiler 5.05 update 2 (build 169) Tool: armlink [4d0f33]

==============================================================================

Section Cross References

    startup_stm32f10x_md.o(RESET) refers to startup_stm32f10x_md.o(STACK) for __initial_sp
    startup_stm32f10x_md.o(RESET) refers to startup_stm32f10x_md.o(.text) for Reset_Handler
    startup_stm32f10x_md.o(RESET) refers to stm32f10x_it.o(i.NMI_Handler) for NMI_Handler
    startup_stm32f10x_md.o(RESET) refers to stm32f10x_it.o(i.HardFault_Handler) for HardFault_Handler
    startup_stm32f10x_md.o(RESET) refers to stm32f10x_it.o(i.MemManage_Handler) for MemManage_Handler
    startup_stm32f10x_md.o(RESET) refers to stm32f10x_it.o(i.BusFault_Handler) for BusFault_Handler
    startup_stm32f10x_md.o(RESET) refers to stm32f10x_it.o(i.UsageFault_Handler) for UsageFault_Handler
    startup_stm32f10x_md.o(RESET) refers to stm32f10x_it.o(i.SVC_Handler) for SVC_Handler
    startup_stm32f10x_md.o(RESET) refers to stm32f10x_it.o(i.DebugMon_Handler) for DebugMon_Handler
    startup_stm32f10x_md.o(RESET) refers to stm32f10x_it.o(i.PendSV_Handler) for PendSV_Handler
    startup_stm32f10x_md.o(RESET) refers to stm32f10x_it.o(i.SysTick_Handler) for SysTick_Handler
    startup_stm32f10x_md.o(RESET) refers to timer3.o(i.TIM3_IRQHandler) for TIM3_IRQHandler
    startup_stm32f10x_md.o(RESET) refers to sim900.o(i.USART2_IRQHandler) for USART2_IRQHandler
    startup_stm32f10x_md.o(.text) refers to system_stm32f10x.o(i.SystemInit) for SystemInit
    startup_stm32f10x_md.o(.text) refers to entry.o(.ARM.Collect$$$$00000000) for __main
    system_stm32f10x.o(i.SetSysClock) refers to system_stm32f10x.o(i.SetSysClockTo72) for SetSysClockTo72
    system_stm32f10x.o(i.SystemCoreClockUpdate) refers to system_stm32f10x.o(.data) for SystemCoreClock
    system_stm32f10x.o(i.SystemInit) refers to system_stm32f10x.o(i.SetSysClock) for SetSysClock
    stm32f10x_adc.o(i.ADC_DeInit) refers to stm32f10x_rcc.o(i.RCC_APB2PeriphResetCmd) for RCC_APB2PeriphResetCmd
    stm32f10x_bkp.o(i.BKP_DeInit) refers to stm32f10x_rcc.o(i.RCC_BackupResetCmd) for RCC_BackupResetCmd
    stm32f10x_can.o(i.CAN_DeInit) refers to stm32f10x_rcc.o(i.RCC_APB1PeriphResetCmd) for RCC_APB1PeriphResetCmd
    stm32f10x_can.o(i.CAN_GetITStatus) refers to stm32f10x_can.o(i.CheckITStatus) for CheckITStatus
    stm32f10x_cec.o(i.CEC_DeInit) refers to stm32f10x_rcc.o(i.RCC_APB1PeriphResetCmd) for RCC_APB1PeriphResetCmd
    stm32f10x_dac.o(i.DAC_DeInit) refers to stm32f10x_rcc.o(i.RCC_APB1PeriphResetCmd) for RCC_APB1PeriphResetCmd
    stm32f10x_flash.o(i.FLASH_EnableWriteProtection) refers to stm32f10x_flash.o(i.FLASH_WaitForLastOperation) for FLASH_WaitForLastOperation
    stm32f10x_flash.o(i.FLASH_EraseAllBank1Pages) refers to stm32f10x_flash.o(i.FLASH_WaitForLastBank1Operation) for FLASH_WaitForLastBank1Operation
    stm32f10x_flash.o(i.FLASH_EraseAllPages) refers to stm32f10x_flash.o(i.FLASH_WaitForLastOperation) for FLASH_WaitForLastOperation
    stm32f10x_flash.o(i.FLASH_EraseOptionBytes) refers to stm32f10x_flash.o(i.FLASH_GetReadOutProtectionStatus) for FLASH_GetReadOutProtectionStatus
    stm32f10x_flash.o(i.FLASH_EraseOptionBytes) refers to stm32f10x_flash.o(i.FLASH_WaitForLastOperation) for FLASH_WaitForLastOperation
    stm32f10x_flash.o(i.FLASH_ErasePage) refers to stm32f10x_flash.o(i.FLASH_WaitForLastOperation) for FLASH_WaitForLastOperation
    stm32f10x_flash.o(i.FLASH_ProgramHalfWord) refers to stm32f10x_flash.o(i.FLASH_WaitForLastOperation) for FLASH_WaitForLastOperation
    stm32f10x_flash.o(i.FLASH_ProgramOptionByteData) refers to stm32f10x_flash.o(i.FLASH_WaitForLastOperation) for FLASH_WaitForLastOperation
    stm32f10x_flash.o(i.FLASH_ProgramWord) refers to stm32f10x_flash.o(i.FLASH_WaitForLastOperation) for FLASH_WaitForLastOperation
    stm32f10x_flash.o(i.FLASH_ReadOutProtection) refers to stm32f10x_flash.o(i.FLASH_WaitForLastOperation) for FLASH_WaitForLastOperation
    stm32f10x_flash.o(i.FLASH_UserOptionByteConfig) refers to stm32f10x_flash.o(i.FLASH_WaitForLastOperation) for FLASH_WaitForLastOperation
    stm32f10x_flash.o(i.FLASH_WaitForLastBank1Operation) refers to stm32f10x_flash.o(i.FLASH_GetBank1Status) for FLASH_GetBank1Status
    stm32f10x_flash.o(i.FLASH_WaitForLastOperation) refers to stm32f10x_flash.o(i.FLASH_GetBank1Status) for FLASH_GetBank1Status
    stm32f10x_gpio.o(i.GPIO_AFIODeInit) refers to stm32f10x_rcc.o(i.RCC_APB2PeriphResetCmd) for RCC_APB2PeriphResetCmd
    stm32f10x_gpio.o(i.GPIO_DeInit) refers to stm32f10x_rcc.o(i.RCC_APB2PeriphResetCmd) for RCC_APB2PeriphResetCmd
    stm32f10x_i2c.o(i.I2C_DeInit) refers to stm32f10x_rcc.o(i.RCC_APB1PeriphResetCmd) for RCC_APB1PeriphResetCmd
    stm32f10x_i2c.o(i.I2C_Init) refers to stm32f10x_rcc.o(i.RCC_GetClocksFreq) for RCC_GetClocksFreq
    stm32f10x_pwr.o(i.PWR_DeInit) refers to stm32f10x_rcc.o(i.RCC_APB1PeriphResetCmd) for RCC_APB1PeriphResetCmd
[...]
    ..\..\User\usart\bsp_usart.c             0x00000000   Number         0  bsp_usart.o ABSOLUTE
    ..\..\User\warning\warning.c             0x00000000   Number         0  warning.o ABSOLUTE
    ..\\..\\Libraries\\CMSIS\\core_cm3.c     0x00000000   Number         0  core_cm3.o ABSOLUTE
    cdcmple.s                                0x00000000   Number         0  cdcmple.o ABSOLUTE
    cdrcmple.s                               0x00000000   Number         0  cdrcmple.o ABSOLUTE
    cfcmple.s                                0x00000000   Number         0  cfcmple.o ABSOLUTE
    cfrcmple.s                               0x00000000   Number         0  cfrcmple.o ABSOLUTE
    dc.s                                     0x00000000   Number         0  dc.o ABSOLUTE
    handlers.s                               0x00000000   Number         0  handlers.o ABSOLUTE
    init.s                                   0x00000000   Number         0  init.o ABSOLUTE
    RESET                                    0x08000000   Section      236  startup_stm32f10x_md.o(RESET)
    .ARM.Collect$$$$00000000                 0x080000ec   Section        0  entry.o(.ARM.Collect$$$$00000000)
    .ARM.Collect$$$$00000001                 0x080000ec   Section        4  entry2.o(.ARM.Collect$$$$00000001)
    .ARM.Collect$$$$00000004                 0x080000f0   Section        4  entry5.o(.ARM.Collect$$$$00000004)
    .ARM.Collect$$$$00000008                 0x080000f4   Section        0  entry7b.o(.ARM.Collect$$$$00000008)
    .ARM.Collect$$$$0000000A                 0x080000f4   Section        0  entry8b.o(.ARM.Collect$$$$0000000A)
    .ARM.Collect$$$$0000000B                 0x080000f4   Section        8  entry9a.o(.ARM.Collect$$$$0000000B)
    .ARM.Collect$$$$0000000D                 0x080000fc   Section        0  entry10a.o(.ARM.Collect$$$$0000000D)
    .ARM.Collect$$$$0000000F                 0x080000fc   Section        0  entry11a.o(.ARM.Collect$$$$0000000F)
    .ARM.Collect$$$$00002712                 0x080000fc   Section        4  entry2.o(.ARM.Collect$$$$00002712)
    __lit__00000000                          0x080000fc   Data           4  entry2.o(.ARM.Collect$$$$00002712)
    .text                                    0x08000100   Section       36  startup_stm32f10x_md.o(.text)
    .text                                    0x08000124   Section        0  memcpya.o(.text)
    .text                                    0x08000148   Section        0  memseta.o(.text)
    .text                                    0x0800016c   Section        0  strcat.o(.text)
    .text                                    0x08000184   Section        0  strstr.o(.text)
    .text                                    0x080001a8   Section        0  strchr.o(.text)
    .text                                    0x080001bc   Section        0  strlen.o(.text)
    .text                                    0x080001ca   Section        0  strncat.o(.text)
    .text                                    0x080001f2   Section        0  fadd.o(.text)
    .text                                    0x080002a2   Section        0  fmul.o(.text)
    .text                                    0x08000306   Section        0  fdiv.o(.text)
    .text                                    0x08000382   Section        0  dadd.o(.text)
    .text                                    0x080004d0   Section        0  dmul.o(.text)
    .text                                    0x080005b4   Section        0  ddiv.o(.text)
    .text                                    0x08000692   Section        0  fflti.o(.text)
    .text                                    0x080006a4   Section        0  ffltui.o(.text)
    .text                                    0x080006ae   Section        0  dfltui.o(.text)
    .text                                    0x080006c8   Section        0  ffixi.o(.text)
    .text                                    0x080006fa   Section        0  ffixui.o(.text)
    .text                                    0x08000722   Section        0  f2d.o(.text)
    .text                                    0x08000748   Section       48  cdrcmple.o(.text)
    .text                                    0x08000778   Section        0  d2f.o(.text)
    .text                                    0x080007b0   Section       20  cfcmple.o(.text)
    .text                                    0x080007c4   Section       20  cfrcmple.o(.text)
    .text                                    0x080007d8   Section        0  uidiv.o(.text)
    .text                                    0x08000804   Section        0  uldiv.o(.text)
    .text                                    0x08000866   Section        0  llshl.o(.text)
    .text                                    0x08000884   Section        0  llsshr.o(.text)
    .text                                    0x080008a8   Section        0  fepilogue.o(.text)
    .text                                    0x080008a8   Section        0  iusefp.o(.text)
    .text                                    0x08000916   Section        0  depilogue.o(.text)
    .text                                    0x080009d0   Section        0  dscalb.o(.text)
    .text                                    0x080009fe   Section        0  dflti.o(.text)
    .text                                    0x08000a20   Section        0  dfixul.o(.text)
    .text                                    0x08000a50   Section       48  cdcmple.o(.text)
    .text                                    0x08000a80   Section       36  init.o(.text)
    .text                                    0x08000aa4   Section        0  llushr.o(.text)
    i.BeatDetector                           0x08000ac4   Section        0  max30100_beatdetector.o(i.BeatDetector)
    i.Buff_Read                              0x08000af8   Section        0  max30100.o(i.Buff_Read)
    i.BusFault_Handler                       0x08000b5a   Section        0  stm32f10x_it.o(i.BusFault_Handler)
    i.DCRemover1                             0x08000b5e   Section        0  max30100_filters.o(i.DCRemover1)
    i.DHT11_GPIO_Config                      0x08000b68   Section        0  bsp_dht11.o(i.DHT11_GPIO_Config)
    DHT11_GPIO_Config                        0x08000b69   Thumb Code    38  bsp_dht11.o(i.DHT11_GPIO_Config)
    i.DHT11_Init                             0x08000b94   Section        0  bsp_dht11.o(i.DHT11_Init)
    i.DHT11_Mode_IPU                         0x08000ba8   Section        0  bsp_dht11.o(i.DHT11_Mode_IPU)
    DHT11_Mode_IPU                           0x08000ba9   Thumb Code    24  bsp_dht11.o(i.DHT11_Mode_IPU)
    i.DHT11_Mode_Out_PP                      0x08000bc4   Section        0  bsp_dht11.o(i.DHT11_Mode_Out_PP)
    DHT11_Mode_Out_PP                        0x08000bc5   Thumb Code    30  bsp_dht11.o(i.DHT11_Mode_Out_PP)
    i.DHT11_ReadByte                         0x08000be8   Section        0  bsp_dht11.o(i.DHT11_ReadByte)
    DHT11_ReadByte                           0x08000be9   Thumb Code    90  bsp_dht11.o(i.DHT11_ReadByte)
    i.DHT11_Read_TempAndHumidity             0x08000c48   Section        0  bsp_dht11.o(i.DHT11_Read_TempAndHumidity)
    i.DebugMon_Handler                       0x08000ce8   Section        0  stm32f10x_it.o(i.DebugMon_Handler)
    i.Delay_us                               0x08000cec   Section        0  bsp_systick.o(i.Delay_us)
    i.EDP_DeleteBuffer                       0x08000d14   Section        0  edpkit.o(i.EDP_DeleteBuffer)
    i.EDP_NewBuffer                          0x08000d30   Section        0  edpkit.o(i.EDP_NewBuffer)
    i.EDP_PacketCmdResp                      0x08000d88   Section        0  edpkit.o(i.EDP_PacketCmdResp)
    i.EDP_PacketConnect1                     0x08000e48   Section        0  edpkit.o(i.EDP_PacketConnect1)
    i.EDP_PacketSaveData                     0x08000f34   Section        0  edpkit.o(i.EDP_PacketSaveData)
    i.EDP_UnPacketCmd                        0x08001100   Section        0  edpkit.o(i.EDP_UnPacketCmd)
    i.EDP_UnPacketConnectRsp                 0x080011d6   Section        0  edpkit.o(i.EDP_UnPacketConnectRsp)
    i.EDP_UnPacketPushData                   0x080011dc   Section        0  edpkit.o(i.EDP_UnPacketPushData)
    i.EDP_UnPacketRecv                       0x0800128c   Section        0  edpkit.o(i.EDP_UnPacketRecv)
    i.FBstep                                 0x08001294   Section        0  max30100_filters.o(i.FBstep)
    i.GPIO_Init                              0x080012fc   Section        0  stm32f10x_gpio.o(i.GPIO_Init)
    i.GPIO_ReadInputDataBit                  0x08001412   Section        0  stm32f10x_gpio.o(i.GPIO_ReadInputDataBit)
    i.GPIO_ResetBits                         0x08001424   Section        0  stm32f10x_gpio.o(i.GPIO_ResetBits)
    i.GPIO_SetBits                           0x08001428   Section        0  stm32f10x_gpio.o(i.GPIO_SetBits)
    i.HardFault_Handler                      0x0800142c   Section        0  stm32f10x_it.o(i.HardFault_Handler)
    i.Hardware_Init                          0x08001430   Section        0  main.o(i.Hardware_Init)
    i.IIC_Ack                                0x08001484   Section        0  myiic.o(i.IIC_Ack)
    i.IIC_Delay2                             0x080014d0   Section        0  myiic.o(i.IIC_Delay2)
    i.IIC_Init                               0x080014e4   Section        0  myiic.o(i.IIC_Init)
    i.IIC_NAck                               0x08001524   Section        0  myiic.o(i.IIC_NAck)
    i.IIC_Read_Byte                          0x08001570   Section        0  myiic.o(i.IIC_Read_Byte)
    i.IIC_Send_Byte                          0x080015dc   Section        0  myiic.o(i.IIC_Send_Byte)
    i.IIC_Start                              0x08001638   Section        0  myiic.o(i.IIC_Start)
    i.IIC_Stop                               0x08001680   Section        0  myiic.o(i.IIC_Stop)
    i.IIC_Wait_Ack                           0x080016c8   Section        0  myiic.o(i.IIC_Wait_Ack)
    i.MemManage_Handler                      0x0800172c   Section        0  stm32f10x_it.o(i.MemManage_Handler)
    i.NMI_Handler                            0x08001730   Section        0  stm32f10x_it.o(i.NMI_Handler)
    i.NVIC_Init                              0x08001734   Section        0  misc.o(i.NVIC_Init)
    i.NVIC_PriorityGroupConfig               0x080017a4   Section        0  misc.o(i.NVIC_PriorityGroupConfig)
    i.OneNet_DevLink                         0x080017b8   Section        0  onenet.o(i.OneNet_DevLink)
    i.OneNet_FillBuf                         0x08001a84   Section        0  onenet.o(i.OneNet_FillBuf)
    i.OneNet_RevPro                          0x08001b9c   Section        0  onenet.o(i.OneNet_RevPro)
    i.OneNet_SendData                        0x08001d48   Section        0  onenet.o(i.OneNet_SendData)
    i.PEC_Calculation                        0x08001e38   Section        0  mlx90614.o(i.PEC_Calculation)
    i.PendSV_Handler                         0x08001ef2   Section        0  stm32f10x_it.o(i.PendSV_Handler)
    i.PulseOximeter                          0x08001ef4   Section        0  max30100_pulseoximeter.o(i.PulseOximeter)
    i.RCC_APB1PeriphClockCmd                 0x08001f3c   Section        0  stm32f10x_rcc.o(i.RCC_APB1PeriphClockCmd)
    i.RCC_APB2PeriphClockCmd                 0x08001f5c   Section        0  stm32f10x_rcc.o(i.RCC_APB2PeriphClockCmd)
    i.RCC_GetClocksFreq                      0x08001f7c   Section        0  stm32f10x_rcc.o(i.RCC_GetClocksFreq)
    i.ReadRemainlen                          0x08002050   Section        0  edpkit.o(i.ReadRemainlen)
    i.Read_One_Byte                          0x0800208e   Section        0  max30100.o(i.Read_One_Byte)
    i.SIM900_Clear                           0x080020dc   Section        0  sim900.o(i.SIM900_Clear)
    i.SIM900_GetIPD                          0x080020f8   Section        0  sim900.o(i.SIM900_GetIPD)
    i.SIM900_Init                            0x0800216c   Section        0  sim900.o(i.SIM900_Init)
    i.SIM900_SendCmd                         0x08002484   Section        0  sim900.o(i.SIM900_SendCmd)
    i.SIM900_SendData                        0x080024e0   Section        0  sim900.o(i.SIM900_SendData)
    i.SIM900_WaitRecive                      0x08002560   Section        0  sim900.o(i.SIM900_WaitRecive)
    i.SMBus_Delay                            0x08002594   Section        0  mlx90614.o(i.SMBus_Delay)
    i.SMBus_Init                             0x080025b0   Section        0  mlx90614.o(i.SMBus_Init)
    i.SMBus_ReadMemory                       0x080025ec   Section        0  mlx90614.o(i.SMBus_ReadMemory)
    i.SMBus_ReadTemp                         0x08002694   Section        0  mlx90614.o(i.SMBus_ReadTemp)
    i.SMBus_ReceiveBit                       0x080026d8   Section        0  mlx90614.o(i.SMBus_ReceiveBit)
    i.SMBus_ReceiveByte                      0x08002720   Section        0  mlx90614.o(i.SMBus_ReceiveByte)
    i.SMBus_SendBit                          0x08002754   Section        0  mlx90614.o(i.SMBus_SendBit)
    i.SMBus_SendByte                         0x08002798   Section        0  mlx90614.o(i.SMBus_SendByte)
    i.SMBus_StartBit                         0x080027c8   Section        0  mlx90614.o(i.SMBus_StartBit)
    i.SMBus_StopBit                          0x0800280c   Section        0  mlx90614.o(i.SMBus_StopBit)
    i.SPO2_Init                              0x0800284c   Section        0  max30100_pulseoximeter.o(i.SPO2_Init)
    i.SPO2update                             0x080028d4   Section        0  max30100_spo2calculator.o(i.SPO2update)
    i.SVC_Handler                            0x08002a04   Section        0  stm32f10x_it.o(i.SVC_Handler)
    i.Sensor_val_get                         0x08002a06   Section        0  warning.o(i.Sensor_val_get)
    i.SetSysClock                            0x08002a3e   Section        0  system_stm32f10x.o(i.SetSysClock)
    SetSysClock                              0x08002a3f   Thumb Code     8  system_stm32f10x.o(i.SetSysClock)
    i.SetSysClockTo72                        0x08002a48   Section        0  system_stm32f10x.o(i.SetSysClockTo72)
    SetSysClockTo72                          0x08002a49   Thumb Code   214  system_stm32f10x.o(i.SetSysClockTo72)
    i.SysTick_Handler                        0x08002b28   Section        0  stm32f10x_it.o(i.SysTick_Handler)
    i.SysTick_Init                           0x08002b30   Section        0  bsp_systick.o(i.SysTick_Init)
    i.SystemInit                             0x08002bac   Section        0  system_stm32f10x.o(i.SystemInit)
    i.TIM3_IRQHandler                        0x08002c0c   Section        0  timer3.o(i.TIM3_IRQHandler)
    i.TIM3_Int_Init                          0x08002c34   Section        0  timer3.o(i.TIM3_Int_Init)
    i.TIM_ClearITPendingBit                  0x08002c94   Section        0  stm32f10x_tim.o(i.TIM_ClearITPendingBit)
    i.TIM_Cmd                                0x08002c9a   Section        0  stm32f10x_tim.o(i.TIM_Cmd)
    i.TIM_GetITStatus                        0x08002cb2   Section        0  stm32f10x_tim.o(i.TIM_GetITStatus)
    i.TIM_ITConfig                           0x08002cd4   Section        0  stm32f10x_tim.o(i.TIM_ITConfig)
    i.TIM_TimeBaseInit                       0x08002ce8   Section        0  stm32f10x_tim.o(i.TIM_TimeBaseInit)
    i.TimingDelay_Decrement                  0x08002d8c   Section        0  bsp_systick.o(i.TimingDelay_Decrement)
    i.USART2_IRQHandler                      0x08002da4   Section        0  sim900.o(i.USART2_IRQHandler)
    i.USART_ClearFlag                        0x08002df0   Section        0  stm32f10x_usart.o(i.USART_ClearFlag)
    i.USART_Cmd                              0x08002e02   Section        0  stm32f10x_usart.o(i.USART_Cmd)
    i.USART_Config                           0x08002e1c   Section        0  bsp_usart.o(i.USART_Config)
    i.USART_GetFlagStatus                    0x08002e9c   Section        0  stm32f10x_usart.o(i.USART_GetFlagStatus)
    i.USART_GetITStatus                      0x08002eb6   Section        0  stm32f10x_usart.o(i.USART_GetITStatus)
    i.USART_ITConfig                         0x08002f0a   Section        0  stm32f10x_usart.o(i.USART_ITConfig)
    i.USART_Init                             0x08002f54   Section        0  stm32f10x_usart.o(i.USART_Init)
    i.USART_SendData                         0x0800302c   Section        0  stm32f10x_usart.o(i.USART_SendData)
    i.UsageFault_Handler                     0x08003034   Section        0  stm32f10x_it.o(i.UsageFault_Handler)
    i.UsartPrintf                            0x08003038   Section        0  bsp_usart.o(i.UsartPrintf)
    i.Usart_2_Config                         0x08003080   Section        0  bsp_usart.o(i.Usart_2_Config)
    i.Usart_SendString                       0x0800312c   Section        0  bsp_usart.o(i.Usart_SendString)
    i.WriteRemainlen                         0x0800315e   Section        0  edpkit.o(i.WriteRemainlen)
    i.Write_One_Byte                         0x0800318c   Section        0  max30100.o(i.Write_One_Byte)
    i.__0printf                              0x080031d0   Section        0  printfa.o(i.__0printf)
    i.__0printf$8                            0x080031f0   Section        0  printf8.o(i.__0printf$8)
    i.__0sprintf$8                           0x08003210   Section        0  printf8.o(i.__0sprintf$8)
    i.__0vsnprintf                           0x08003238   Section        0  printfa.o(i.__0vsnprintf)
    i.__kernel_poly                          0x0800325c   Section        0  poly.o(i.__kernel_poly)
    i.__mathlib_dbl_divzero                  0x08003308   Section        0  dunder.o(i.__mathlib_dbl_divzero)
    i.__mathlib_dbl_infnan                   0x08003318   Section        0  dunder.o(i.__mathlib_dbl_infnan)
    i.__mathlib_dbl_invalid                  0x0800331e   Section        0  dunder.o(i.__mathlib_dbl_invalid)
    i.__scatterload_copy                     0x0800332a   Section       14  handlers.o(i.__scatterload_copy)
    i.__scatterload_null                     0x08003338   Section        2  handlers.o(i.__scatterload_null)
    i.__scatterload_zeroinit                 0x0800333a   Section       14  handlers.o(i.__scatterload_zeroinit)
    i.__set_errno                            0x08003348   Section        0  errno.o(i.__set_errno)
    i._fp_digits                             0x08003354   Section        0  printfa.o(i._fp_digits)
    _fp_digits                               0x08003355   Thumb Code   334  printfa.o(i._fp_digits)
    i._printf_core                           0x080034b8   Section        0  printf8.o(i._printf_core)
    _printf_core                             0x080034b9   Thumb Code   996  printf8.o(i._printf_core)
    i._printf_core                           0x080038c8   Section        0  printfa.o(i._printf_core)
    _printf_core                             0x080038c9   Thumb Code  1744  printfa.o(i._printf_core)
    i._printf_post_padding                   0x08003fa4   Section        0  printf8.o(i._printf_post_padding)
    _printf_post_padding                     0x08003fa5   Thumb Code    36  printf8.o(i._printf_post_padding)
    i._printf_post_padding                   0x08003fc8   Section        0  printfa.o(i._printf_post_padding)
    _printf_post_padding                     0x08003fc9   Thumb Code    36  printfa.o(i._printf_post_padding)
    i._printf_pre_padding                    0x08003fec   Section        0  printf8.o(i._printf_pre_padding)
    _printf_pre_padding                      0x08003fed   Thumb Code    46  printf8.o(i._printf_pre_padding)
    i._printf_pre_padding                    0x0800401a   Section        0  printfa.o(i._printf_pre_padding)
    _printf_pre_padding                      0x0800401b   Thumb Code    46  printfa.o(i._printf_pre_padding)
    i._snputc                                0x08004048   Section        0  printfa.o(i._snputc)
    _snputc                                  0x08004049   Thumb Code    22  printfa.o(i._snputc)
    i._sputc                                 0x0800405e   Section        0  printf8.o(i._sputc)
    _sputc                                   0x0800405f   Thumb Code    10  printf8.o(i._sputc)
    i.addSample                              0x08004068   Section        0  max30100_beatdetector.o(i.addSample)
    i.begin                                  0x08004074   Section        0  max30100_pulseoximeter.o(i.begin)
    i.checkForBeat                           0x080040b0   Section        0  max30100_beatdetector.o(i.checkForBeat)
    i.checkSample                            0x08004230   Section        0  max30100_pulseoximeter.o(i.checkSample)
    i.decreaseThreshold                      0x08004340   Section        0  max30100_beatdetector.o(i.decreaseThreshold)
    i.fputc                                  0x08004404   Section        0  bsp_usart.o(i.fputc)
    i.free                                   0x08004428   Section        0  malloc.o(i.free)
    i.getRate                                0x08004478   Section        0  max30100_beatdetector.o(i.getRate)
    i.getSpO2                                0x080044b4   Section        0  max30100_spo2calculator.o(i.getSpO2)
    i.hexdump                                0x080044c0   Section        0  edpkit.o(i.hexdump)
    i.log                                    0x080044fc   Section        0  log.o(i.log)
    i.main                                   0x08004858   Section        0  main.o(i.main)
    i.malloc                                 0x080048f0   Section        0  malloc.o(i.malloc)
    i.millis                                 0x0800495c   Section        0  timer3.o(i.millis)
    i.min                                    0x08004968   Section        0  max30100_beatdetector.o(i.min)
    i.onBeatDetected1                        0x08004976   Section        0  max30100_pulseoximeter.o(i.onBeatDetected1)
    i.readFifoData                           0x08004978   Section        0  max30100.o(i.readFifoData)
    i.reset                                  0x080049b0   Section        0  max30100_spo2calculator.o(i.reset)
    i.setHighresModeEnabled                  0x080049dc   Section        0  max30100.o(i.setHighresModeEnabled)
    i.setLedsCurrent                         0x08004a02   Section        0  max30100.o(i.setLedsCurrent)
    i.setLedsPulseWidth                      0x08004a16   Section        0  max30100.o(i.setLedsPulseWidth)
    i.setMode                                0x08004a32   Section        0  max30100.o(i.setMode)
    i.setOnBeatDetectedCallback              0x08004a40   Section        0  max30100_pulseoximeter.o(i.setOnBeatDetectedCallback)
    i.setSamplingRate                        0x08004a4c   Section        0  max30100.o(i.setSamplingRate)
    i.sim900_sendEnd                         0x08004a6c   Section        0  sim900.o(i.sim900_sendEnd)
    i.step                                   0x08004ab8   Section        0  max30100_filters.o(i.step)
    i.update                                 0x08004ae2   Section        0  max30100.o(i.update)
    .constdata                               0x08004af0   Section       56  log.o(.constdata)
    Lg2                                      0x08004af0   Data          24  log.o(.constdata)
    Lg                                       0x08004b08   Data          32  log.o(.constdata)
    .constdata                               0x08004b28   Section        8  qnan.o(.constdata)
    .data                                    0x20000000   Section       20  system_stm32f10x.o(.data)
    .data                                    0x20000014   Section       20  stm32f10x_rcc.o(.data)
    APBAHBPrescTable                         0x20000014   Data          16  stm32f10x_rcc.o(.data)
    ADCPrescTable                            0x20000024   Data           4  stm32f10x_rcc.o(.data)
    .data                                    0x20000028   Section       12  main.o(.data)
    .data                                    0x20000034   Section        4  bsp_systick.o(.data)
    TimingDelay                              0x20000034   Data           4  bsp_systick.o(.data)
    .data                                    0x20000038   Section        4  sim900.o(.data)
    .data                                    0x2000003c   Section        5  max30100.o(.data)
    .data                                    0x20000044   Section       20  max30100_beatdetector.o(.data)
    .data                                    0x20000058   Section        8  max30100_filters.o(.data)
    .data                                    0x20000060   Section       51  max30100_pulseoximeter.o(.data)
    .data                                    0x20000094   Section       61  max30100_spo2calculator.o(.data)
    .data                                    0x200000d4   Section        4  timer3.o(.data)
    RunTime                                  0x200000d4   Data           4  timer3.o(.data)
    .data                                    0x200000d8   Section        4  onenet.o(.data)
    .data                                    0x200000dc   Section        4  stdout.o(.data)
    .data                                    0x200000e0   Section        4  mvars.o(.data)
    .data                                    0x200000e4   Section        4  mvars.o(.data)
    .data                                    0x200000e8   Section        4  errno.o(.data)
    _errno                                   0x200000e8   Data           4  errno.o(.data)
    .bss                                     0x200000ec   Section      256  sim900.o(.bss)
    HEAP                                     0x200001f0   Section      512  startup_stm32f10x_md.o(HEAP)
    STACK                                    0x200003f0   Section     1024  startup_stm32f10x_md.o(STACK)

    Global Symbols

    Symbol Name                              Value     Ov Type        Size  Object(Section)

    BuildAttributes$$THM_ISAv4$P$D$K$B$S$PE$A:L22UL41UL21$X:L11$S22US41US21$IEEE1$IW$USESV6$~STKCKD$USESV7$~SHL$OTIME$ROPI$IEEEX$EBA8$MICROLIB$REQ8$PRES8$EABIv2 0x00000000   Number         0  anon$$obj.o ABSOLUTE
    __ARM_use_no_argv                        0x00000000   Number         0  main.o ABSOLUTE
    _printf_a                                0x00000000   Number         0  stubs.o ABSOLUTE
    _printf_c                                0x00000000   Number         0  stubs.o ABSOLUTE
    _printf_charcount                        0x00000000   Number         0  stubs.o ABSOLUTE
    _printf_d                                0x00000000   Number         0  stubs.o ABSOLUTE
    _printf_e                                0x00000000   Number         0  stubs.o ABSOLUTE
    _printf_f                                0x00000000   Number         0  stubs.o ABSOLUTE
    _printf_flags                            0x00000000   Number         0  stubs.o ABSOLUTE
    _printf_fp_dec                           0x00000000   Number         0  stubs.o ABSOLUTE
    _printf_fp_hex                           0x00000000   Number         0  stubs.o ABSOLUTE
    _printf_g                                0x00000000   Number         0  stubs.o ABSOLUTE
    _printf_i                                0x00000000   Number         0  stubs.o ABSOLUTE
    _printf_int_dec                          0x00000000   Number         0  stubs.o ABSOLUTE
    _printf_l                                0x00000000   Number         0  stubs.o ABSOLUTE
    _printf_lc                               0x00000000   Number         0  stubs.o ABSOLUTE
    _printf_ll                               0x00000000   Number         0  stubs.o ABSOLUTE
    _printf_lld                              0x00000000   Number         0  stubs.o ABSOLUTE
    _printf_lli                              0x00000000   Number         0  stubs.o ABSOLUTE
    _printf_llo                              0x00000000   Number         0  stubs.o ABSOLUTE
    _printf_llu                              0x00000000   Number         0  stubs.o ABSOLUTE
    _printf_llx                              0x00000000   Number         0  stubs.o ABSOLUTE
    _printf_longlong_dec                     0x00000000   Number         0  stubs.o ABSOLUTE
    _printf_longlong_hex                     0x00000000   Number         0  stubs.o ABSOLUTE
    _printf_longlong_oct                     0x00000000   Number         0  stubs.o ABSOLUTE
    _printf_ls                               0x00000000   Number         0  stubs.o ABSOLUTE
    _printf_mbtowc                           0x00000000   Number         0  stubs.o ABSOLUTE
    _printf_n                                0x00000000   Number         0  stubs.o ABSOLUTE
    _printf_o                                0x00000000   Number         0  stubs.o ABSOLUTE
    _printf_p                                0x00000000   Number         0  stubs.o ABSOLUTE
    _printf_percent                          0x00000000   Number         0  stubs.o ABSOLUTE
    _printf_pre_padding                      0x00000000   Number         0  stubs.o ABSOLUTE
    _printf_return_value                     0x00000000   Number         0  stubs.o ABSOLUTE
    _printf_s                                0x00000000   Number         0  stubs.o ABSOLUTE
    _printf_sizespec                         0x00000000   Number         0  stubs.o ABSOLUTE
    _printf_str                              0x00000000   Number         0  stubs.o ABSOLUTE
    _printf_truncate_signed                  0x00000000   Number         0  stubs.o ABSOLUTE
    _printf_truncate_unsigned                0x00000000   Number         0  stubs.o ABSOLUTE
    _printf_u                                0x00000000   Number         0  stubs.o ABSOLUTE
    _printf_wc                               0x00000000   Number         0  stubs.o ABSOLUTE
    _printf_wctomb                           0x00000000   Number         0  stubs.o ABSOLUTE
    _printf_widthprec                        0x00000000   Number         0  stubs.o ABSOLUTE
    _printf_x                                0x00000000   Number         0  stubs.o ABSOLUTE
    __cpp_initialize__aeabi_                  - Undefined Weak Reference
    __cxa_finalize                            - Undefined Weak Reference
    __decompress                              - Undefined Weak Reference
    _clock_init                               - Undefined Weak Reference
    _microlib_exit                            - Undefined Weak Reference
    __Vectors_Size                           0x000000ec   Number         0  startup_stm32f10x_md.o ABSOLUTE
    __Vectors                                0x08000000   Data           4  startup_stm32f10x_md.o(RESET)
    __Vectors_End                            0x080000ec   Data           0  startup_stm32f10x_md.o(RESET)
    __main                                   0x080000ed   Thumb Code     0  entry.o(.ARM.Collect$$$$00000000)
    _main_stk                                0x080000ed   Thumb Code     0  entry2.o(.ARM.Collect$$$$00000001)
    _main_scatterload                        0x080000f1   Thumb Code     0  entry5.o(.ARM.Collect$$$$00000004)
    __main_after_scatterload                 0x080000f5   Thumb Code     0  entry5.o(.ARM.Collect$$$$00000004)
    _main_clock                              0x080000f5   Thumb Code     0  entry7b.o(.ARM.Collect$$$$00000008)
    _main_cpp_init                           0x080000f5   Thumb Code     0  entry8b.o(.ARM.Collect$$$$0000000A)
    _main_init                               0x080000f5   Thumb Code     0  entry9a.o(.ARM.Collect$$$$0000000B)
    __rt_final_cpp                           0x080000fd   Thumb Code     0  entry10a.o(.ARM.Collect$$$$0000000D)
    __rt_final_exit                          0x080000fd   Thumb Code     0  entry11a.o(.ARM.Collect$$$$0000000F)
    Reset_Handler                            0x08000101   Thumb Code     8  startup_stm32f10x_md.o(.text)
    ADC1_2_IRQHandler                        0x0800011b   Thumb Code     0  startup_stm32f10x_md.o(.text)
    CAN1_RX1_IRQHandler                      0x0800011b   Thumb Code     0  startup_stm32f10x_md.o(.text)
    CAN1_SCE_IRQHandler                      0x0800011b   Thumb Code     0  startup_stm32f10x_md.o(.text)
    DMA1_Channel1_IRQHandler                 0x0800011b   Thumb Code     0  startup_stm32f10x_md.o(.text)
    DMA1_Channel2_IRQHandler                 0x0800011b   Thumb Code     0  startup_stm32f10x_md.o(.text)
    DMA1_Channel3_IRQHandler                 0x0800011b   Thumb Code     0  startup_stm32f10x_md.o(.text)
    DMA1_Channel4_IRQHandler                 0x0800011b   Thumb Code     0  startup_stm32f10x_md.o(.text)
    DMA1_Channel5_IRQHandler                 0x0800011b   Thumb Code     0  startup_stm32f10x_md.o(.text)
    DMA1_Channel6_IRQHandler                 0x0800011b   Thumb Code     0  startup_stm32f10x_md.o(.text)
    DMA1_Channel7_IRQHandler                 0x0800011b   Thumb Code     0  startup_stm32f10x_md.o(.text)
    EXTI0_IRQHandler                         0x0800011b   Thumb Code     0  startup_stm32f10x_md.o(.text)
    EXTI15_10_IRQHandler                     0x0800011b   Thumb Code     0  startup_stm32f10x_md.o(.text)
    EXTI1_IRQHandler                         0x0800011b   Thumb Code     0  startup_stm32f10x_md.o(.text)
    EXTI2_IRQHandler                         0x0800011b   Thumb Code     0  startup_stm32f10x_md.o(.text)
    EXTI3_IRQHandler                         0x0800011b   Thumb Code     0  startup_stm32f10x_md.o(.text)
    EXTI4_IRQHandler                         0x0800011b   Thumb Code     0  startup_stm32f10x_md.o(.text)
    EXTI9_5_IRQHandler                       0x0800011b   Thumb Code     0  startup_stm32f10x_md.o(.text)
    FLASH_IRQHandler                         0x0800011b   Thumb Code     0  startup_stm32f10x_md.o(.text)
    I2C1_ER_IRQHandler                       0x0800011b   Thumb Code     0  startup_stm32f10x_md.o(.text)
    I2C1_EV_IRQHandler                       0x0800011b   Thumb Code     0  startup_stm32f10x_md.o(.text)
    I2C2_ER_IRQHandler                       0x0800011b   Thumb Code     0  startup_stm32f10x_md.o(.text)
    I2C2_EV_IRQHandler                       0x0800011b   Thumb Code     0  startup_stm32f10x_md.o(.text)
    PVD_IRQHandler                           0x0800011b   Thumb Code     0  startup_stm32f10x_md.o(.text)
    RCC_IRQHandler                           0x0800011b   Thumb Code     0  startup_stm32f10x_md.o(.text)
    RTCAlarm_IRQHandler                      0x0800011b   Thumb Code     0  startup_stm32f10x_md.o(.text)
    RTC_IRQHandler                           0x0800011b   Thumb Code     0  startup_stm32f10x_md.o(.text)
    SPI1_IRQHandler                          0x0800011b   Thumb Code     0  startup_stm32f10x_md.o(.text)
    SPI2_IRQHandler                          0x0800011b   Thumb Code     0  startup_stm32f10x_md.o(.text)
    TAMPER_IRQHandler                        0x0800011b   Thumb Code     0  startup_stm32f10x_md.o(.text)
    TIM1_BRK_IRQHandler                      0x0800011b   Thumb Code     0  startup_stm32f10x_md.o(.text)
    TIM1_CC_IRQHandler                       0x0800011b   Thumb Code     0  startup_stm32f10x_md.o(.text)
    TIM1_TRG_COM_IRQHandler                  0x0800011b   Thumb Code     0  startup_stm32f10x_md.o(.text)
    TIM1_UP_IRQHandler                       0x0800011b   Thumb Code     0  startup_stm32f10x_md.o(.text)
    TIM2_IRQHandler                          0x0800011b   Thumb Code     0  startup_stm32f10x_md.o(.text)
    TIM4_IRQHandler                          0x0800011b   Thumb Code     0  startup_stm32f10x_md.o(.text)
    USART1_IRQHandler                        0x0800011b   Thumb Code     0  startup_stm32f10x_md.o(.text)
    USART3_IRQHandler                        0x0800011b   Thumb Code     0  startup_stm32f10x_md.o(.text)
    USBWakeUp_IRQHandler                     0x0800011b   Thumb Code     0  startup_stm32f10x_md.o(.text)
    USB_HP_CAN1_TX_IRQHandler                0x0800011b   Thumb Code     0  startup_stm32f10x_md.o(.text)
    USB_LP_CAN1_RX0_IRQHandler               0x0800011b   Thumb Code     0  startup_stm32f10x_md.o(.text)
    WWDG_IRQHandler                          0x0800011b   Thumb Code     0  startup_stm32f10x_md.o(.text)
    __aeabi_memcpy                           0x08000125   Thumb Code    36  memcpya.o(.text)
    __aeabi_memcpy4                          0x08000125   Thumb Code     0  memcpya.o(.text)
    __aeabi_memcpy8                          0x08000125   Thumb Code     0  memcpya.o(.text)
    __aeabi_memset                           0x08000149   Thumb Code    14  memseta.o(.text)
    __aeabi_memset4                          0x08000149   Thumb Code     0  memseta.o(.text)
    __aeabi_memset8                          0x08000149   Thumb Code     0  memseta.o(.text)
    __aeabi_memclr                           0x08000157   Thumb Code     4  memseta.o(.text)
    __aeabi_memclr4                          0x08000157   Thumb Code     0  memseta.o(.text)
    __aeabi_memclr8                          0x08000157   Thumb Code     0  memseta.o(.text)
    _memset$wrapper                          0x0800015b   Thumb Code    18  memseta.o(.text)
    strcat                                   0x0800016d   Thumb Code    24  strcat.o(.text)
    strstr                                   0x08000185   Thumb Code    36  strstr.o(.text)
    strchr                                   0x080001a9   Thumb Code    20  strchr.o(.text)
    strlen                                   0x080001bd   Thumb Code    14  strlen.o(.text)
    strncat                                  0x080001cb   Thumb Code    40  strncat.o(.text)
    __aeabi_fadd                             0x080001f3   Thumb Code   164  fadd.o(.text)
    __aeabi_fsub                             0x08000297   Thumb Code     6  fadd.o(.text)
    __aeabi_frsub                            0x0800029d   Thumb Code     6  fadd.o(.text)
    __aeabi_fmul                             0x080002a3   Thumb Code   100  fmul.o(.text)
    __aeabi_fdiv                             0x08000307   Thumb Code   124  fdiv.o(.text)
    __aeabi_dadd                             0x08000383   Thumb Code   322  dadd.o(.text)
    __aeabi_dsub                             0x080004c5   Thumb Code     6  dadd.o(.text)
    __aeabi_drsub                            0x080004cb   Thumb Code     6  dadd.o(.text)
    __aeabi_dmul                             0x080004d1   Thumb Code   228  dmul.o(.text)
    __aeabi_ddiv                             0x080005b5   Thumb Code   222  ddiv.o(.text)
    __aeabi_i2f                              0x08000693   Thumb Code    18  fflti.o(.text)
    __aeabi_ui2f                             0x080006a5   Thumb Code    10  ffltui.o(.text)
    __aeabi_ui2d                             0x080006af   Thumb Code    26  dfltui.o(.text)
    __aeabi_f2iz                             0x080006c9   Thumb Code    50  ffixi.o(.text)
    __aeabi_f2uiz                            0x080006fb   Thumb Code    40  ffixui.o(.text)
    __aeabi_f2d                              0x08000723   Thumb Code    38  f2d.o(.text)
    __aeabi_cdrcmple                         0x08000749   Thumb Code    48  cdrcmple.o(.text)
    __aeabi_d2f                              0x08000779   Thumb Code    56  d2f.o(.text)
    __aeabi_cfcmpeq                          0x080007b1   Thumb Code     0  cfcmple.o(.text)
    __aeabi_cfcmple                          0x080007b1   Thumb Code    20  cfcmple.o(.text)
    __aeabi_cfrcmple                         0x080007c5   Thumb Code    20  cfrcmple.o(.text)
    __aeabi_uidiv                            0x080007d9   Thumb Code     0  uidiv.o(.text)
    __aeabi_uidivmod                         0x080007d9   Thumb Code    44  uidiv.o(.text)
    __aeabi_uldivmod                         0x08000805   Thumb Code    98  uldiv.o(.text)
    __aeabi_llsl                             0x08000867   Thumb Code    30  llshl.o(.text)
    _ll_shift_l                              0x08000867   Thumb Code     0  llshl.o(.text)
    __aeabi_lasr                             0x08000885   Thumb Code    36  llsshr.o(.text)
    _ll_sshift_r                             0x08000885   Thumb Code     0  llsshr.o(.text)
    __I$use$fp                               0x080008a9   Thumb Code     0  iusefp.o(.text)
    _float_round                             0x080008a9   Thumb Code    18  fepilogue.o(.text)
    _float_epilogue                          0x080008bb   Thumb Code    92  fepilogue.o(.text)
    _double_round                            0x08000917   Thumb Code    30  depilogue.o(.text)
    _double_epilogue                         0x08000935   Thumb Code   156  depilogue.o(.text)
    __ARM_scalbn                             0x080009d1   Thumb Code    46  dscalb.o(.text)
    scalbn                                   0x080009d1   Thumb Code     0  dscalb.o(.text)
    __aeabi_i2d                              0x080009ff   Thumb Code    34  dflti.o(.text)
    __aeabi_d2ulz                            0x08000a21   Thumb Code    48  dfixul.o(.text)
    __aeabi_cdcmpeq                          0x08000a51   Thumb Code     0  cdcmple.o(.text)
    __aeabi_cdcmple                          0x08000a51   Thumb Code    48  cdcmple.o(.text)
    __scatterload                            0x08000a81   Thumb Code    28  init.o(.text)
    __scatterload_rt2                        0x08000a81   Thumb Code     0  init.o(.text)
    __aeabi_llsr                             0x08000aa5   Thumb Code    32  llushr.o(.text)
    _ll_ushift_r                             0x08000aa5   Thumb Code     0  llushr.o(.text)
    BeatDetector                             0x08000ac5   Thumb Code    28  max30100_beatdetector.o(i.BeatDetector)
    Buff_Read                                0x08000af9   Thumb Code    98  max30100.o(i.Buff_Read)
    BusFault_Handler                         0x08000b5b   Thumb Code     4  stm32f10x_it.o(i.BusFault_Handler)
    DCRemover1                               0x08000b5f   Thumb Code     8  max30100_filters.o(i.DCRemover1)
    DHT11_Init                               0x08000b95   Thumb Code    16  bsp_dht11.o(i.DHT11_Init)
    DHT11_Read_TempAndHumidity               0x08000c49   Thumb Code   156  bsp_dht11.o(i.DHT11_Read_TempAndHumidity)
    DebugMon_Handler                         0x08000ce9   Thumb Code     2  stm32f10x_it.o(i.DebugMon_Handler)
    Delay_us                                 0x08000ced   Thumb Code    36  bsp_systick.o(i.Delay_us)
    EDP_DeleteBuffer                         0x08000d15   Thumb Code    28  edpkit.o(i.EDP_DeleteBuffer)
    EDP_NewBuffer                            0x08000d31   Thumb Code    88  edpkit.o(i.EDP_NewBuffer)
    EDP_PacketCmdResp                        0x08000d89   Thumb Code   192  edpkit.o(i.EDP_PacketCmdResp)
    EDP_PacketConnect1                       0x08000e49   Thumb Code   232  edpkit.o(i.EDP_PacketConnect1)
    EDP_PacketSaveData                       0x08000f35   Thumb Code   460  edpkit.o(i.EDP_PacketSaveData)
    EDP_UnPacketCmd                          0x08001101   Thumb Code   214  edpkit.o(i.EDP_UnPacketCmd)
    EDP_UnPacketConnectRsp                   0x080011d7   Thumb Code     6  edpkit.o(i.EDP_UnPacketConnectRsp)
    EDP_UnPacketPushData                     0x080011dd   Thumb Code   176  edpkit.o(i.EDP_UnPacketPushData)
    EDP_UnPacketRecv                         0x0800128d   Thumb Code     6  edpkit.o(i.EDP_UnPacketRecv)
    FBstep                                   0x08001295   Thumb Code    82  max30100_filters.o(i.FBstep)
    GPIO_Init                                0x080012fd   Thumb Code   278  stm32f10x_gpio.o(i.GPIO_Init)
    GPIO_ReadInputDataBit                    0x08001413   Thumb Code    18  stm32f10x_gpio.o(i.GPIO_ReadInputDataBit)
    GPIO_ResetBits                           0x08001425   Thumb Code     4  stm32f10x_gpio.o(i.GPIO_ResetBits)
    GPIO_SetBits                             0x08001429   Thumb Code     4  stm32f10x_gpio.o(i.GPIO_SetBits)
    HardFault_Handler                        0x0800142d   Thumb Code     4  stm32f10x_it.o(i.HardFault_Handler)
    Hardware_Init                            0x08001431   Thumb Code    64  main.o(i.Hardware_Init)
    IIC_Ack                                  0x08001485   Thumb Code    62  myiic.o(i.IIC_Ack)
    IIC_Delay2                               0x080014d1   Thumb Code    18  myiic.o(i.IIC_Delay2)
    IIC_Init                                 0x080014e5   Thumb Code    50  myiic.o(i.IIC_Init)
    IIC_NAck                                 0x08001525   Thumb Code    62  myiic.o(i.IIC_NAck)
    IIC_Read_Byte                            0x08001571   Thumb Code    94  myiic.o(i.IIC_Read_Byte)
    IIC_Send_Byte                            0x080015dd   Thumb Code    80  myiic.o(i.IIC_Send_Byte)
    IIC_Start                                0x08001639   Thumb Code    60  myiic.o(i.IIC_Start)
    IIC_Stop                                 0x08001681   Thumb Code    58  myiic.o(i.IIC_Stop)
    IIC_Wait_Ack                             0x080016c9   Thumb Code    86  myiic.o(i.IIC_Wait_Ack)
    MemManage_Handler                        0x0800172d   Thumb Code     4  stm32f10x_it.o(i.MemManage_Handler)
    NMI_Handler                              0x08001731   Thumb Code     2  stm32f10x_it.o(i.NMI_Handler)
    NVIC_Init                                0x08001735   Thumb Code   100  misc.o(i.NVIC_Init)
    NVIC_PriorityGroupConfig                 0x080017a5   Thumb Code    10  misc.o(i.NVIC_PriorityGroupConfig)
    OneNet_DevLink                           0x080017b9   Thumb Code   240  onenet.o(i.OneNet_DevLink)
    OneNet_FillBuf                           0x08001a85   Thumb Code   172  onenet.o(i.OneNet_FillBuf)
    OneNet_RevPro                            0x08001b9d   Thumb Code   284  onenet.o(i.OneNet_RevPro)
    OneNet_SendData                          0x08001d49   Thumb Code   146  onenet.o(i.OneNet_SendData)
    PEC_Calculation                          0x08001e39   Thumb Code   186  mlx90614.o(i.PEC_Calculation)
    PendSV_Handler                           0x08001ef3   Thumb Code     2  stm32f10x_it.o(i.PendSV_Handler)
    PulseOximeter                            0x08001ef5   Thumb Code    40  max30100_pulseoximeter.o(i.PulseOximeter)
    RCC_APB1PeriphClockCmd                   0x08001f3d   Thumb Code    26  stm32f10x_rcc.o(i.RCC_APB1PeriphClockCmd)
    RCC_APB2PeriphClockCmd                   0x08001f5d   Thumb Code    26  stm32f10x_rcc.o(i.RCC_APB2PeriphClockCmd)
    RCC_GetClocksFreq                        0x08001f7d   Thumb Code   192  stm32f10x_rcc.o(i.RCC_GetClocksFreq)
    ReadRemainlen                            0x08002051   Thumb Code    62  edpkit.o(i.ReadRemainlen)
    Read_One_Byte                            0x0800208f   Thumb Code    78  max30100.o(i.Read_One_Byte)
    SIM900_Clear                             0x080020dd   Thumb Code    20  sim900.o(i.SIM900_Clear)
    SIM900_GetIPD                            0x080020f9   Thumb Code    78  sim900.o(i.SIM900_GetIPD)
    SIM900_Init                              0x0800216d   Thumb Code   352  sim900.o(i.SIM900_Init)
    SIM900_SendCmd                           0x08002485   Thumb Code    82  sim900.o(i.SIM900_SendCmd)
    SIM900_SendData                          0x080024e1   Thumb Code    82  sim900.o(i.SIM900_SendData)
    SIM900_WaitRecive                        0x08002561   Thumb Code    42  sim900.o(i.SIM900_WaitRecive)
    SMBus_Delay                              0x08002595   Thumb Code    26  mlx90614.o(i.SMBus_Delay)
    SMBus_Init                               0x080025b1   Thumb Code    54  mlx90614.o(i.SMBus_Init)
    SMBus_ReadMemory                         0x080025ed   Thumb Code   166  mlx90614.o(i.SMBus_ReadMemory)
    SMBus_ReadTemp                           0x08002695   Thumb Code    54  mlx90614.o(i.SMBus_ReadTemp)
    SMBus_ReceiveBit                         0x080026d9   Thumb Code    68  mlx90614.o(i.SMBus_ReceiveBit)
    SMBus_ReceiveByte                        0x08002721   Thumb Code    50  mlx90614.o(i.SMBus_ReceiveByte)
    SMBus_SendBit                            0x08002755   Thumb Code    64  mlx90614.o(i.SMBus_SendBit)
    SMBus_SendByte                           0x08002799   Thumb Code    48  mlx90614.o(i.SMBus_SendByte)
    SMBus_StartBit                           0x080027c9   Thumb Code    64  mlx90614.o(i.SMBus_StartBit)
    SMBus_StopBit                            0x0800280d   Thumb Code    58  mlx90614.o(i.SMBus_StopBit)
    SPO2_Init                                0x0800284d   Thumb Code   110  max30100_pulseoximeter.o(i.SPO2_Init)
    SPO2update                               0x080028d5   Thumb Code   266  max30100_spo2calculator.o(i.SPO2update)
    SVC_Handler                              0x08002a05   Thumb Code     2  stm32f10x_it.o(i.SVC_Handler)
    Sensor_val_get                           0x08002a07   Thumb Code    56  warning.o(i.Sensor_val_get)
    SysTick_Handler                          0x08002b29   Thumb Code     8  stm32f10x_it.o(i.SysTick_Handler)
    SysTick_Init                             0x08002b31   Thumb Code   106  bsp_systick.o(i.SysTick_Init)
    SystemInit                               0x08002bad   Thumb Code    78  system_stm32f10x.o(i.SystemInit)
    TIM3_IRQHandler                          0x08002c0d   Thumb Code    32  timer3.o(i.TIM3_IRQHandler)
    TIM3_Int_Init                            0x08002c35   Thumb Code    90  timer3.o(i.TIM3_Int_Init)
    TIM_ClearITPendingBit                    0x08002c95   Thumb Code     6  stm32f10x_tim.o(i.TIM_ClearITPendingBit)
    TIM_Cmd                                  0x08002c9b   Thumb Code    24  stm32f10x_tim.o(i.TIM_Cmd)
    TIM_GetITStatus                          0x08002cb3   Thumb Code    34  stm32f10x_tim.o(i.TIM_GetITStatus)
    TIM_ITConfig                             0x08002cd5   Thumb Code    18  stm32f10x_tim.o(i.TIM_ITConfig)
    TIM_TimeBaseInit                         0x08002ce9   Thumb Code   122  stm32f10x_tim.o(i.TIM_TimeBaseInit)
    TimingDelay_Decrement                    0x08002d8d   Thumb Code    18  bsp_systick.o(i.TimingDelay_Decrement)
    USART2_IRQHandler                        0x08002da5   Thumb Code    62  sim900.o(i.USART2_IRQHandler)
    USART_ClearFlag                          0x08002df1   Thumb Code    18  stm32f10x_usart.o(i.USART_ClearFlag)
    USART_Cmd                                0x08002e03   Thumb Code    24  stm32f10x_usart.o(i.USART_Cmd)
    USART_Config                             0x08002e1d   Thumb Code   120  bsp_usart.o(i.USART_Config)
    USART_GetFlagStatus                      0x08002e9d   Thumb Code    26  stm32f10x_usart.o(i.USART_GetFlagStatus)
    USART_GetITStatus                        0x08002eb7   Thumb Code    84  stm32f10x_usart.o(i.USART_GetITStatus)
    USART_ITConfig                           0x08002f0b   Thumb Code    74  stm32f10x_usart.o(i.USART_ITConfig)
    USART_Init                               0x08002f55   Thumb Code   210  stm32f10x_usart.o(i.USART_Init)
    USART_SendData                           0x0800302d   Thumb Code     8  stm32f10x_usart.o(i.USART_SendData)
    UsageFault_Handler                       0x08003035   Thumb Code     4  stm32f10x_it.o(i.UsageFault_Handler)
    UsartPrintf                              0x08003039   Thumb Code    72  bsp_usart.o(i.UsartPrintf)
    Usart_2_Config                           0x08003081   Thumb Code   162  bsp_usart.o(i.Usart_2_Config)
    Usart_SendString                         0x0800312d   Thumb Code    50  bsp_usart.o(i.Usart_SendString)
    WriteRemainlen                           0x0800315f   Thumb Code    46  edpkit.o(i.WriteRemainlen)
    Write_One_Byte                           0x0800318d   Thumb Code    68  max30100.o(i.Write_One_Byte)
    __0printf                                0x080031d1   Thumb Code    22  printfa.o(i.__0printf)
    __1printf                                0x080031d1   Thumb Code     0  printfa.o(i.__0printf)
    __2printf$full                           0x080031d1   Thumb Code     0  printfa.o(i.__0printf)
    __c89printf                              0x080031d1   Thumb Code     0  printfa.o(i.__0printf)
    printf                                   0x080031d1   Thumb Code     0  printfa.o(i.__0printf)
    __0printf$8                              0x080031f1   Thumb Code    22  printf8.o(i.__0printf$8)
    __1printf$8                              0x080031f1   Thumb Code     0  printf8.o(i.__0printf$8)
    __2printf                                0x080031f1   Thumb Code     0  printf8.o(i.__0printf$8)
    __0sprintf$8                             0x08003211   Thumb Code    34  printf8.o(i.__0sprintf$8)
    __1sprintf$8                             0x08003211   Thumb Code     0  printf8.o(i.__0sprintf$8)
    __2sprintf                               0x08003211   Thumb Code     0  printf8.o(i.__0sprintf$8)
    __0vsnprintf                             0x08003239   Thumb Code    32  printfa.o(i.__0vsnprintf)
    __1vsnprintf                             0x08003239   Thumb Code     0  printfa.o(i.__0vsnprintf)
    __2vsnprintf                             0x08003239   Thumb Code     0  printfa.o(i.__0vsnprintf)
    __c89vsnprintf                           0x08003239   Thumb Code     0  printfa.o(i.__0vsnprintf)
    vsnprintf                                0x08003239   Thumb Code     0  printfa.o(i.__0vsnprintf)
    __kernel_poly                            0x0800325d   Thumb Code   170  poly.o(i.__kernel_poly)
    __mathlib_dbl_divzero                    0x08003309   Thumb Code    12  dunder.o(i.__mathlib_dbl_divzero)
    __mathlib_dbl_infnan                     0x08003319   Thumb Code     6  dunder.o(i.__mathlib_dbl_infnan)
    __mathlib_dbl_invalid                    0x0800331f   Thumb Code    12  dunder.o(i.__mathlib_dbl_invalid)
    __scatterload_copy                       0x0800332b   Thumb Code    14  handlers.o(i.__scatterload_copy)
    __scatterload_null                       0x08003339   Thumb Code     2  handlers.o(i.__scatterload_null)
    __scatterload_zeroinit                   0x0800333b   Thumb Code    14  handlers.o(i.__scatterload_zeroinit)
    __set_errno                              0x08003349   Thumb Code     6  errno.o(i.__set_errno)
    addSample                                0x08004069   Thumb Code    12  max30100_beatdetector.o(i.addSample)
    begin                                    0x08004075   Thumb Code    40  max30100_pulseoximeter.o(i.begin)
    checkForBeat                             0x080040b1   Thumb Code   348  max30100_beatdetector.o(i.checkForBeat)
    checkSample                              0x08004231   Thumb Code   236  max30100_pulseoximeter.o(i.checkSample)
    decreaseThreshold                        0x08004341   Thumb Code   164  max30100_beatdetector.o(i.decreaseThreshold)
    fputc                                    0x08004405   Thumb Code    32  bsp_usart.o(i.fputc)
    free                                     0x08004429   Thumb Code    76  malloc.o(i.free)
    getRate                                  0x08004479   Thumb Code    48  max30100_beatdetector.o(i.getRate)
    getSpO2                                  0x080044b5   Thumb Code     6  max30100_spo2calculator.o(i.getSpO2)
    hexdump                                  0x080044c1   Thumb Code    46  edpkit.o(i.hexdump)
    log                                      0x080044fd   Thumb Code   808  log.o(i.log)
    main                                     0x08004859   Thumb Code   106  main.o(i.main)
    malloc                                   0x080048f1   Thumb Code    92  malloc.o(i.malloc)
    millis                                   0x0800495d   Thumb Code     6  timer3.o(i.millis)
    min                                      0x08004969   Thumb Code    14  max30100_beatdetector.o(i.min)
    onBeatDetected1                          0x08004977   Thumb Code     2  max30100_pulseoximeter.o(i.onBeatDetected1)
    readFifoData                             0x08004979   Thumb Code    46  max30100.o(i.readFifoData)
    reset                                    0x080049b1   Thumb Code    24  max30100_spo2calculator.o(i.reset)
    setHighresModeEnabled                    0x080049dd   Thumb Code    38  max30100.o(i.setHighresModeEnabled)
    setLedsCurrent                           0x08004a03   Thumb Code    20  max30100.o(i.setLedsCurrent)
    setLedsPulseWidth                        0x08004a17   Thumb Code    28  max30100.o(i.setLedsPulseWidth)
    setMode                                  0x08004a33   Thumb Code    14  max30100.o(i.setMode)
    setOnBeatDetectedCallback                0x08004a41   Thumb Code     8  max30100_pulseoximeter.o(i.setOnBeatDetectedCallback)
    setSamplingRate                          0x08004a4d   Thumb Code    30  max30100.o(i.setSamplingRate)
    sim900_sendEnd                           0x08004a6d   Thumb Code    66  sim900.o(i.sim900_sendEnd)
    step                                     0x08004ab9   Thumb Code    42  max30100_filters.o(i.step)
    update                                   0x08004ae3   Thumb Code     8  max30100.o(i.update)
    __mathlib_zero                           0x08004b28   Data           8  qnan.o(.constdata)
    Region$$Table$$Base                      0x08004b30   Number         0  anon$$obj.o(Region$$Table)
    Region$$Table$$Limit                     0x08004b50   Number         0  anon$$obj.o(Region$$Table)
    SystemCoreClock                          0x20000000   Data           4  system_stm32f10x.o(.data)
    AHBPrescTable                            0x20000004   Data          16  system_stm32f10x.o(.data)
    my_data_2_update                         0x20000028   Data           7  main.o(.data)
    Data_type                                0x2000002f   Data           1  main.o(.data)
    Net_status                               0x20000030   Data           1  main.o(.data)
    timeCount                                0x20000032   Data           2  main.o(.data)
    SIM900_cnt                               0x20000038   Data           2  sim900.o(.data)
    SIM900_cntPre                            0x2000003a   Data           2  sim900.o(.data)
    rawIRValue                               0x2000003c   Data           2  max30100.o(.data)
    rawRedValue                              0x2000003e   Data           2  max30100.o(.data)
    PartID                                   0x20000040   Data           1  max30100.o(.data)
    Beatstate                                0x20000044   Data           1  max30100_beatdetector.o(.data)
    threshold                                0x20000048   Data           4  max30100_beatdetector.o(.data)
    beatPeriod                               0x2000004c   Data           4  max30100_beatdetector.o(.data)
    lastMaxValue                             0x20000050   Data           4  max30100_beatdetector.o(.data)
    tsLastBeat                               0x20000054   Data           4  max30100_beatdetector.o(.data)
    v                                        0x20000058   Data           8  max30100_filters.o(.data)
    onBeatDetected                           0x20000060   Data           4  max30100_pulseoximeter.o(.data)
    state                                    0x20000064   Data           1  max30100_pulseoximeter.o(.data)
    debuggingMode                            0x20000065   Data           1  max30100_pulseoximeter.o(.data)
    tsFirstBeatDetected                      0x20000068   Data           4  max30100_pulseoximeter.o(.data)
    tsLastBeatDetected                       0x2000006c   Data           4  max30100_pulseoximeter.o(.data)
    tsLastSample                             0x20000070   Data           4  max30100_pulseoximeter.o(.data)
    tsLastBiasCheck                          0x20000074   Data           4  max30100_pulseoximeter.o(.data)
    tsLastCurrentAdjustment                  0x20000078   Data           4  max30100_pulseoximeter.o(.data)
    redLedPower                              0x2000007c   Data           1  max30100_pulseoximeter.o(.data)
    irDCRemover                              0x20000080   Data           8  max30100_pulseoximeter.o(.data)
    redDCRemover                             0x20000088   Data           8  max30100_pulseoximeter.o(.data)
    ID                                       0x20000090   Data           1  max30100_pulseoximeter.o(.data)
    TempINT                                  0x20000091   Data           1  max30100_pulseoximeter.o(.data)
    TempFRAC                                 0x20000092   Data           1  max30100_pulseoximeter.o(.data)
    spO2LUT                                  0x20000094   Data          43  max30100_spo2calculator.o(.data)
    irACValueSqSum                           0x200000c0   Data           4  max30100_spo2calculator.o(.data)
    redACValueSqSum                          0x200000c4   Data           4  max30100_spo2calculator.o(.data)
    beatsDetectedNum                         0x200000c8   Data           1  max30100_spo2calculator.o(.data)
    samplesRecorded                          0x200000cc   Data           4  max30100_spo2calculator.o(.data)
    spO2                                     0x200000d0   Data           1  max30100_spo2calculator.o(.data)
    heart_flag                               0x200000d8   Data           1  onenet.o(.data)
    err_count                                0x200000d9   Data           1  onenet.o(.data)
    time                                     0x200000da   Data           2  onenet.o(.data)
    __stdout                                 0x200000dc   Data           4  stdout.o(.data)
    __microlib_freelist                      0x200000e0   Data           4  mvars.o(.data)
    __microlib_freelist_initialised          0x200000e4   Data           4  mvars.o(.data)
    SIM900_buf                               0x200000ec   Data         256  sim900.o(.bss)
    __heap_base                              0x200001f0   Data           0  startup_stm32f10x_md.o(HEAP)
    __heap_limit                             0x200003f0   Data           0  startup_stm32f10x_md.o(HEAP)
    __initial_sp                             0x200007f0   Data           0  startup_stm32f10x_md.o(STACK)



==============================================================================

Memory Map of the image

  Image Entry point : 0x080000ed

  Load Region LR_IROM1 (Base: 0x08000000, Size: 0x00004c3c, Max: 0x00010000, ABSOLUTE)

    Execution Region ER_IROM1 (Exec base: 0x08000000, Load base: 0x08000000, Size: 0x00004b50, Max: 0x00010000, ABSOLUTE)

    Exec Addr    Load Addr    Size         Type   Attr      Idx    E Section Name        Object

    0x08000000   0x08000000   0x000000ec   Data   RO            3    RESET               startup_stm32f10x_md.o
    0x080000ec   0x080000ec   0x00000000   Code   RO         4189  * .ARM.Collect$$$$00000000  mc_w.l(entry.o)
    0x080000ec   0x080000ec   0x00000004   Code   RO         4546    .ARM.Collect$$$$00000001  mc_w.l(entry2.o)
    0x080000f0   0x080000f0   0x00000004   Code   RO         4549    .ARM.Collect$$$$00000004  mc_w.l(entry5.o)
    0x080000f4   0x080000f4   0x00000000   Code   RO         4551    .ARM.Collect$$$$00000008  mc_w.l(entry7b.o)
    0x080000f4   0x080000f4   0x00000000   Code   RO         4553    .ARM.Collect$$$$0000000A  mc_w.l(entry8b.o)
    0x080000f4   0x080000f4   0x00000008   Code   RO         4554    .ARM.Collect$$$$0000000B  mc_w.l(entry9a.o)
    0x080000fc   0x080000fc   0x00000000   Code   RO         4556    .ARM.Collect$$$$0000000D  mc_w.l(entry10a.o)
    0x080000fc   0x080000fc   0x00000000   Code   RO         4558    .ARM.Collect$$$$0000000F  mc_w.l(entry11a.o)
    0x080000fc   0x080000fc   0x00000004   Code   RO         4547    .ARM.Collect$$$$00002712  mc_w.l(entry2.o)
    0x08000100   0x08000100   0x00000024   Code   RO            4    .text               startup_stm32f10x_md.o
    0x08000124   0x08000124   0x00000024   Code   RO         4192    .text               mc_w.l(memcpya.o)
    0x08000148   0x08000148   0x00000024   Code   RO         4194    .text               mc_w.l(memseta.o)
    0x0800016c   0x0800016c   0x00000018   Code   RO         4196    .text               mc_w.l(strcat.o)
    0x08000184   0x08000184   0x00000024   Code   RO         4198    .text               mc_w.l(strstr.o)
    0x080001a8   0x080001a8   0x00000014   Code   RO         4200    .text               mc_w.l(strchr.o)
    0x080001bc   0x080001bc   0x0000000e   Code   RO         4202    .text               mc_w.l(strlen.o)
    0x080001ca   0x080001ca   0x00000028   Code   RO         4204    .text               mc_w.l(strncat.o)
    0x080001f2   0x080001f2   0x000000b0   Code   RO         4497    .text               mf_w.l(fadd.o)
    0x080002a2   0x080002a2   0x00000064   Code   RO         4499    .text               mf_w.l(fmul.o)
    0x08000306   0x08000306   0x0000007c   Code   RO         4501    .text               mf_w.l(fdiv.o)
    0x08000382   0x08000382   0x0000014e   Code   RO         4503    .text               mf_w.l(dadd.o)
    0x080004d0   0x080004d0   0x000000e4   Code   RO         4505    .text               mf_w.l(dmul.o)
    0x080005b4   0x080005b4   0x000000de   Code   RO         4507    .text               mf_w.l(ddiv.o)
    0x08000692   0x08000692   0x00000012   Code   RO         4509    .text               mf_w.l(fflti.o)
    0x080006a4   0x080006a4   0x0000000a   Code   RO         4511    .text               mf_w.l(ffltui.o)
    0x080006ae   0x080006ae   0x0000001a   Code   RO         4513    .text               mf_w.l(dfltui.o)
    0x080006c8   0x080006c8   0x00000032   Code   RO         4515    .text               mf_w.l(ffixi.o)
    0x080006fa   0x080006fa   0x00000028   Code   RO         4517    .text               mf_w.l(ffixui.o)
    0x08000722   0x08000722   0x00000026   Code   RO         4519    .text               mf_w.l(f2d.o)
    0x08000748   0x08000748   0x00000030   Code   RO         4521    .text               mf_w.l(cdrcmple.o)
    0x08000778   0x08000778   0x00000038   Code   RO         4523    .text               mf_w.l(d2f.o)
    0x080007b0   0x080007b0   0x00000014   Code   RO         4525    .text               mf_w.l(cfcmple.o)
    0x080007c4   0x080007c4   0x00000014   Code   RO         4527    .text               mf_w.l(cfrcmple.o)
    0x080007d8   0x080007d8   0x0000002c   Code   RO         4561    .text               mc_w.l(uidiv.o)
    0x08000804   0x08000804   0x00000062   Code   RO         4563    .text               mc_w.l(uldiv.o)
    0x08000866   0x08000866   0x0000001e   Code   RO         4565    .text               mc_w.l(llshl.o)
    0x08000884   0x08000884   0x00000024   Code   RO         4567    .text               mc_w.l(llsshr.o)
    0x080008a8   0x080008a8   0x00000000   Code   RO         4578    .text               mc_w.l(iusefp.o)
    0x080008a8   0x080008a8   0x0000006e   Code   RO         4579    .text               mf_w.l(fepilogue.o)
    0x08000916   0x08000916   0x000000ba   Code   RO         4581    .text               mf_w.l(depilogue.o)
    0x080009d0   0x080009d0   0x0000002e   Code   RO         4583    .text               mf_w.l(dscalb.o)
    0x080009fe   0x080009fe   0x00000022   Code   RO         4585    .text               mf_w.l(dflti.o)
    0x08000a20   0x08000a20   0x00000030   Code   RO         4587    .text               mf_w.l(dfixul.o)
    0x08000a50   0x08000a50   0x00000030   Code   RO         4589    .text               mf_w.l(cdcmple.o)
    0x08000a80   0x08000a80   0x00000024   Code   RO         4591    .text               mc_w.l(init.o)
    0x08000aa4   0x08000aa4   0x00000020   Code   RO         4593    .text               mc_w.l(llushr.o)
    0x08000ac4   0x08000ac4   0x00000034   Code   RO         3684    i.BeatDetector      max30100_beatdetector.o
    0x08000af8   0x08000af8   0x00000062   Code   RO         3593    i.Buff_Read         max30100.o
    0x08000b5a   0x08000b5a   0x00000004   Code   RO         3207    i.BusFault_Handler  stm32f10x_it.o
    0x08000b5e   0x08000b5e   0x00000008   Code   RO         3738    i.DCRemover1        max30100_filters.o
    0x08000b66   0x08000b66   0x00000002   PAD
    0x08000b68   0x08000b68   0x0000002c   Code   RO         3297    i.DHT11_GPIO_Config  bsp_dht11.o
    0x08000b94   0x08000b94   0x00000014   Code   RO         3298    i.DHT11_Init        bsp_dht11.o
    0x08000ba8   0x08000ba8   0x0000001c   Code   RO         3299    i.DHT11_Mode_IPU    bsp_dht11.o
    0x08000bc4   0x08000bc4   0x00000024   Code   RO         3300    i.DHT11_Mode_Out_PP  bsp_dht11.o
    0x08000be8   0x08000be8   0x00000060   Code   RO         3301    i.DHT11_ReadByte    bsp_dht11.o
    0x08000c48   0x08000c48   0x000000a0   Code   RO         3302    i.DHT11_Read_TempAndHumidity  bsp_dht11.o
    0x08000ce8   0x08000ce8   0x00000002   Code   RO         3208    i.DebugMon_Handler  stm32f10x_it.o
    0x08000cea   0x08000cea   0x00000002   PAD
    0x08000cec   0x08000cec   0x00000028   Code   RO         3267    i.Delay_us          bsp_systick.o
    0x08000d14   0x08000d14   0x0000001c   Code   RO         4067    i.EDP_DeleteBuffer  edpkit.o
    0x08000d30   0x08000d30   0x00000058   Code   RO         4068    i.EDP_NewBuffer     edpkit.o
    0x08000d88   0x08000d88   0x000000c0   Code   RO         4069    i.EDP_PacketCmdResp  edpkit.o
    0x08000e48   0x08000e48   0x000000ec   Code   RO         4070    i.EDP_PacketConnect1  edpkit.o
    0x08000f34   0x08000f34   0x000001cc   Code   RO         4074    i.EDP_PacketSaveData  edpkit.o
    0x08001100   0x08001100   0x000000d6   Code   RO         4075    i.EDP_UnPacketCmd   edpkit.o
    0x080011d6   0x080011d6   0x00000006   Code   RO         4076    i.EDP_UnPacketConnectRsp  edpkit.o
    0x080011dc   0x080011dc   0x000000b0   Code   RO         4077    i.EDP_UnPacketPushData  edpkit.o
    0x0800128c   0x0800128c   0x00000006   Code   RO         4078    i.EDP_UnPacketRecv  edpkit.o
    0x08001292   0x08001292   0x00000002   PAD
    0x08001294   0x08001294   0x00000068   Code   RO         3740    i.FBstep            max30100_filters.o
    0x080012fc   0x080012fc   0x00000116   Code   RO         1292    i.GPIO_Init         stm32f10x_gpio.o
    0x08001412   0x08001412   0x00000012   Code   RO         1296    i.GPIO_ReadInputDataBit  stm32f10x_gpio.o
    0x08001424   0x08001424   0x00000004   Code   RO         1299    i.GPIO_ResetBits    stm32f10x_gpio.o
    0x08001428   0x08001428   0x00000004   Code   RO         1300    i.GPIO_SetBits      stm32f10x_gpio.o
    0x0800142c   0x0800142c   0x00000004   Code   RO         3209    i.HardFault_Handler  stm32f10x_it.o
    0x08001430   0x08001430   0x00000054   Code   RO         3108    i.Hardware_Init     main.o
    0x08001484   0x08001484   0x0000004c   Code   RO         3929    i.IIC_Ack           myiic.o
    0x080014d0   0x080014d0   0x00000012   Code   RO         3931    i.IIC_Delay2        myiic.o
    0x080014e2   0x080014e2   0x00000002   PAD
    0x080014e4   0x080014e4   0x00000040   Code   RO         3932    i.IIC_Init          myiic.o
    0x08001524   0x08001524   0x0000004c   Code   RO         3933    i.IIC_NAck          myiic.o
    0x08001570   0x08001570   0x0000006c   Code   RO         3934    i.IIC_Read_Byte     myiic.o
    0x080015dc   0x080015dc   0x0000005c   Code   RO         3935    i.IIC_Send_Byte     myiic.o
    0x08001638   0x08001638   0x00000048   Code   RO         3936    i.IIC_Start         myiic.o
    0x08001680   0x08001680   0x00000048   Code   RO         3937    i.IIC_Stop          myiic.o
    0x080016c8   0x080016c8   0x00000064   Code   RO         3938    i.IIC_Wait_Ack      myiic.o
    0x0800172c   0x0800172c   0x00000004   Code   RO         3210    i.MemManage_Handler  stm32f10x_it.o
    0x08001730   0x08001730   0x00000002   Code   RO         3211    i.NMI_Handler       stm32f10x_it.o
    0x08001732   0x08001732   0x00000002   PAD
    0x08001734   0x08001734   0x00000070   Code   RO          137    i.NVIC_Init         misc.o
    0x080017a4   0x080017a4   0x00000014   Code   RO          138    i.NVIC_PriorityGroupConfig  misc.o
    0x080017b8   0x080017b8   0x000002cc   Code   RO         4021    i.OneNet_DevLink    onenet.o
    0x08001a84   0x08001a84   0x00000118   Code   RO         4022    i.OneNet_FillBuf    onenet.o
    0x08001b9c   0x08001b9c   0x000001ac   Code   RO         4023    i.OneNet_RevPro     onenet.o
    0x08001d48   0x08001d48   0x000000f0   Code   RO         4024    i.OneNet_SendData   onenet.o
    0x08001e38   0x08001e38   0x000000ba   Code   RO         3509    i.PEC_Calculation   mlx90614.o
    0x08001ef2   0x08001ef2   0x00000002   Code   RO         3212    i.PendSV_Handler    stm32f10x_it.o
    0x08001ef4   0x08001ef4   0x00000048   Code   RO         3789    i.PulseOximeter     max30100_pulseoximeter.o
    0x08001f3c   0x08001f3c   0x00000020   Code   RO         1708    i.RCC_APB1PeriphClockCmd  stm32f10x_rcc.o
    0x08001f5c   0x08001f5c   0x00000020   Code   RO         1710    i.RCC_APB2PeriphClockCmd  stm32f10x_rcc.o
    0x08001f7c   0x08001f7c   0x000000d4   Code   RO         1718    i.RCC_GetClocksFreq  stm32f10x_rcc.o
    0x08002050   0x08002050   0x0000003e   Code   RO         4079    i.ReadRemainlen     edpkit.o
    0x0800208e   0x0800208e   0x0000004e   Code   RO         3595    i.Read_One_Byte     max30100.o
    0x080020dc   0x080020dc   0x0000001c   Code   RO         3400    i.SIM900_Clear      sim900.o
    0x080020f8   0x080020f8   0x00000074   Code   RO         3401    i.SIM900_GetIPD     sim900.o
    0x0800216c   0x0800216c   0x00000318   Code   RO         3402    i.SIM900_Init       sim900.o
    0x08002484   0x08002484   0x0000005c   Code   RO         3403    i.SIM900_SendCmd    sim900.o
    0x080024e0   0x080024e0   0x00000080   Code   RO         3404    i.SIM900_SendData   sim900.o
    0x08002560   0x08002560   0x00000034   Code   RO         3405    i.SIM900_WaitRecive  sim900.o
    0x08002594   0x08002594   0x0000001a   Code   RO         3510    i.SMBus_Delay       mlx90614.o
    0x080025ae   0x080025ae   0x00000002   PAD
    0x080025b0   0x080025b0   0x0000003c   Code   RO         3511    i.SMBus_Init        mlx90614.o
    0x080025ec   0x080025ec   0x000000a6   Code   RO         3512    i.SMBus_ReadMemory  mlx90614.o
    0x08002692   0x08002692   0x00000002   PAD
    0x08002694   0x08002694   0x00000044   Code   RO         3513    i.SMBus_ReadTemp    mlx90614.o
    0x080026d8   0x080026d8   0x00000048   Code   RO         3514    i.SMBus_ReceiveBit  mlx90614.o
    0x08002720   0x08002720   0x00000032   Code   RO         3515    i.SMBus_ReceiveByte  mlx90614.o
    0x08002752   0x08002752   0x00000002   PAD
    0x08002754   0x08002754   0x00000044   Code   RO         3516    i.SMBus_SendBit     mlx90614.o
    0x08002798   0x08002798   0x00000030   Code   RO         3517    i.SMBus_SendByte    mlx90614.o
    0x080027c8   0x080027c8   0x00000044   Code   RO         3518    i.SMBus_StartBit    mlx90614.o
    0x0800280c   0x0800280c   0x00000040   Code   RO         3519    i.SMBus_StopBit     mlx90614.o
    0x0800284c   0x0800284c   0x00000088   Code   RO         3790    i.SPO2_Init         max30100_pulseoximeter.o
    0x080028d4   0x080028d4   0x00000130   Code   RO         3889    i.SPO2update        max30100_spo2calculator.o
    0x08002a04   0x08002a04   0x00000002   Code   RO         3213    i.SVC_Handler       stm32f10x_it.o
    0x08002a06   0x08002a06   0x00000038   Code   RO         3581    i.Sensor_val_get    warning.o
    0x08002a3e   0x08002a3e   0x00000008   Code   RO           24    i.SetSysClock       system_stm32f10x.o
    0x08002a46   0x08002a46   0x00000002   PAD
    0x08002a48   0x08002a48   0x000000e0   Code   RO           25    i.SetSysClockTo72   system_stm32f10x.o
    0x08002b28   0x08002b28   0x00000008   Code   RO         3214    i.SysTick_Handler   stm32f10x_it.o
    0x08002b30   0x08002b30   0x0000007c   Code   RO         3268    i.SysTick_Init      bsp_systick.o
    0x08002bac   0x08002bac   0x00000060   Code   RO           27    i.SystemInit        system_stm32f10x.o
    0x08002c0c   0x08002c0c   0x00000028   Code   RO         3995    i.TIM3_IRQHandler   timer3.o
    0x08002c34   0x08002c34   0x00000060   Code   RO         3996    i.TIM3_Int_Init     timer3.o
    0x08002c94   0x08002c94   0x00000006   Code   RO         2337    i.TIM_ClearITPendingBit  stm32f10x_tim.o
    0x08002c9a   0x08002c9a   0x00000018   Code   RO         2342    i.TIM_Cmd           stm32f10x_tim.o
    0x08002cb2   0x08002cb2   0x00000022   Code   RO         2363    i.TIM_GetITStatus   stm32f10x_tim.o
    0x08002cd4   0x08002cd4   0x00000012   Code   RO         2367    i.TIM_ITConfig      stm32f10x_tim.o
    0x08002ce6   0x08002ce6   0x00000002   PAD
    0x08002ce8   0x08002ce8   0x000000a4   Code   RO         2413    i.TIM_TimeBaseInit  stm32f10x_tim.o
    0x08002d8c   0x08002d8c   0x00000018   Code   RO         3269    i.TimingDelay_Decrement  bsp_systick.o
    0x08002da4   0x08002da4   0x0000004c   Code   RO         3406    i.USART2_IRQHandler  sim900.o
    0x08002df0   0x08002df0   0x00000012   Code   RO         2874    i.USART_ClearFlag   stm32f10x_usart.o
    0x08002e02   0x08002e02   0x00000018   Code   RO         2878    i.USART_Cmd         stm32f10x_usart.o
    0x08002e1a   0x08002e1a   0x00000002   PAD
    0x08002e1c   0x08002e1c   0x00000080   Code   RO         3335    i.USART_Config      bsp_usart.o
    0x08002e9c   0x08002e9c   0x0000001a   Code   RO         2881    i.USART_GetFlagStatus  stm32f10x_usart.o
    0x08002eb6   0x08002eb6   0x00000054   Code   RO         2882    i.USART_GetITStatus  stm32f10x_usart.o
    0x08002f0a   0x08002f0a   0x0000004a   Code   RO         2884    i.USART_ITConfig    stm32f10x_usart.o
    0x08002f54   0x08002f54   0x000000d8   Code   RO         2885    i.USART_Init        stm32f10x_usart.o
    0x0800302c   0x0800302c   0x00000008   Code   RO         2895    i.USART_SendData    stm32f10x_usart.o
    0x08003034   0x08003034   0x00000004   Code   RO         3215    i.UsageFault_Handler  stm32f10x_it.o
    0x08003038   0x08003038   0x00000048   Code   RO         3338    i.UsartPrintf       bsp_usart.o
    0x08003080   0x08003080   0x000000ac   Code   RO         3339    i.Usart_2_Config    bsp_usart.o
    0x0800312c   0x0800312c   0x00000032   Code   RO         3340    i.Usart_SendString  bsp_usart.o
    0x0800315e   0x0800315e   0x0000002e   Code   RO         4080    i.WriteRemainlen    edpkit.o
    0x0800318c   0x0800318c   0x00000044   Code   RO         3596    i.Write_One_Byte    max30100.o
    0x080031d0   0x080031d0   0x00000020   Code   RO         4441    i.__0printf         mc_w.l(printfa.o)
    0x080031f0   0x080031f0   0x00000020   Code   RO         4415    i.__0printf$8       mc_w.l(printf8.o)
    0x08003210   0x08003210   0x00000028   Code   RO         4417    i.__0sprintf$8      mc_w.l(printf8.o)
    0x08003238   0x08003238   0x00000024   Code   RO         4446    i.__0vsnprintf      mc_w.l(printfa.o)
    0x0800325c   0x0800325c   0x000000aa   Code   RO         4543    i.__kernel_poly     m_ws.l(poly.o)
    0x08003306   0x08003306   0x00000002   PAD
    0x08003308   0x08003308   0x00000010   Code   RO         4529    i.__mathlib_dbl_divzero  m_ws.l(dunder.o)
    0x08003318   0x08003318   0x00000006   Code   RO         4530    i.__mathlib_dbl_infnan  m_ws.l(dunder.o)
    0x0800331e   0x0800331e   0x0000000c   Code   RO         4532    i.__mathlib_dbl_invalid  m_ws.l(dunder.o)
    0x0800332a   0x0800332a   0x0000000e   Code   RO         4597    i.__scatterload_copy  mc_w.l(handlers.o)
    0x08003338   0x08003338   0x00000002   Code   RO         4598    i.__scatterload_null  mc_w.l(handlers.o)
    0x0800333a   0x0800333a   0x0000000e   Code   RO         4599    i.__scatterload_zeroinit  mc_w.l(handlers.o)
    0x08003348   0x08003348   0x0000000c   Code   RO         4573    i.__set_errno       mc_w.l(errno.o)
    0x08003354   0x08003354   0x00000164   Code   RO         4448    i._fp_digits        mc_w.l(printfa.o)
    0x080034b8   0x080034b8   0x00000410   Code   RO         4422    i._printf_core      mc_w.l(printf8.o)
    0x080038c8   0x080038c8   0x000006dc   Code   RO         4449    i._printf_core      mc_w.l(printfa.o)
    0x08003fa4   0x08003fa4   0x00000024   Code   RO         4423    i._printf_post_padding  mc_w.l(printf8.o)
    0x08003fc8   0x08003fc8   0x00000024   Code   RO         4450    i._printf_post_padding  mc_w.l(printfa.o)
    0x08003fec   0x08003fec   0x0000002e   Code   RO         4424    i._printf_pre_padding  mc_w.l(printf8.o)
    0x0800401a   0x0800401a   0x0000002e   Code   RO         4451    i._printf_pre_padding  mc_w.l(printfa.o)
    0x08004048   0x08004048   0x00000016   Code   RO         4452    i._snputc           mc_w.l(printfa.o)
    0x0800405e   0x0800405e   0x0000000a   Code   RO         4426    i._sputc            mc_w.l(printf8.o)
    0x08004068   0x08004068   0x0000000c   Code   RO         3685    i.addSample         max30100_beatdetector.o
    0x08004074   0x08004074   0x0000003c   Code   RO         3791    i.begin             max30100_pulseoximeter.o
    0x080040b0   0x080040b0   0x00000180   Code   RO         3686    i.checkForBeat      max30100_beatdetector.o
    0x08004230   0x08004230   0x00000110   Code   RO         3793    i.checkSample       max30100_pulseoximeter.o
    0x08004340   0x08004340   0x000000c4   Code   RO         3687    i.decreaseThreshold  max30100_beatdetector.o
    0x08004404   0x08004404   0x00000024   Code   RO         3342    i.fputc             bsp_usart.o
    0x08004428   0x08004428   0x00000050   Code   RO         4469    i.free              mc_w.l(malloc.o)
    0x08004478   0x08004478   0x0000003c   Code   RO         3689    i.getRate           max30100_beatdetector.o
    0x080044b4   0x080044b4   0x0000000c   Code   RO         3891    i.getSpO2           max30100_spo2calculator.o
    0x080044c0   0x080044c0   0x0000003c   Code   RO         4081    i.hexdump           edpkit.o
    0x080044fc   0x080044fc   0x0000035c   Code   RO         4180    i.log               m_ws.l(log.o)
    0x08004858   0x08004858   0x00000098   Code   RO         3109    i.main              main.o
    0x080048f0   0x080048f0   0x0000006c   Code   RO         4470    i.malloc            mc_w.l(malloc.o)
    0x0800495c   0x0800495c   0x0000000c   Code   RO         3997    i.millis            timer3.o
    0x08004968   0x08004968   0x0000000e   Code   RO         3690    i.min               max30100_beatdetector.o
    0x08004976   0x08004976   0x00000002   Code   RO         3796    i.onBeatDetected1   max30100_pulseoximeter.o
    0x08004978   0x08004978   0x00000038   Code   RO         3598    i.readFifoData      max30100.o
    0x080049b0   0x080049b0   0x0000002c   Code   RO         3892    i.reset             max30100_spo2calculator.o
    0x080049dc   0x080049dc   0x00000026   Code   RO         3599    i.setHighresModeEnabled  max30100.o
    0x08004a02   0x08004a02   0x00000014   Code   RO         3600    i.setLedsCurrent    max30100.o
    0x08004a16   0x08004a16   0x0000001c   Code   RO         3601    i.setLedsPulseWidth  max30100.o
    0x08004a32   0x08004a32   0x0000000e   Code   RO         3602    i.setMode           max30100.o
    0x08004a40   0x08004a40   0x0000000c   Code   RO         3797    i.setOnBeatDetectedCallback  max30100_pulseoximeter.o
    0x08004a4c   0x08004a4c   0x0000001e   Code   RO         3603    i.setSamplingRate   max30100.o
    0x08004a6a   0x08004a6a   0x00000002   PAD
    0x08004a6c   0x08004a6c   0x0000004c   Code   RO         3408    i.sim900_sendEnd    sim900.o
    0x08004ab8   0x08004ab8   0x0000002a   Code   RO         3743    i.step              max30100_filters.o
    0x08004ae2   0x08004ae2   0x00000008   Code   RO         3604    i.update            max30100.o
    0x08004aea   0x08004aea   0x00000006   PAD
    0x08004af0   0x08004af0   0x00000038   Data   RO         4181    .constdata          m_ws.l(log.o)
    0x08004b28   0x08004b28   0x00000008   Data   RO         4545    .constdata          m_ws.l(qnan.o)
    0x08004b30   0x08004b30   0x00000020   Data   RO         4595    Region$$Table       anon$$obj.o


    Execution Region RW_IRAM1 (Exec base: 0x20000000, Load base: 0x08004b50, Size: 0x000007f0, Max: 0x00005000, ABSOLUTE)

    Exec Addr    Load Addr    Size         Type   Attr      Idx    E Section Name        Object

    0x20000000   0x08004b50   0x00000014   Data   RW           28    .data               system_stm32f10x.o
    0x20000014   0x08004b64   0x00000014   Data   RW         1738    .data               stm32f10x_rcc.o
    0x20000028   0x08004b78   0x0000000c   Data   RW         3110    .data               main.o
    0x20000034   0x08004b84   0x00000004   Data   RW         3270    .data               bsp_systick.o
    0x20000038   0x08004b88   0x00000004   Data   RW         3410    .data               sim900.o
    0x2000003c   0x08004b8c   0x00000005   Data   RW         3605    .data               max30100.o
    0x20000041   0x08004b91   0x00000003   PAD
    0x20000044   0x08004b94   0x00000014   Data   RW         3691    .data               max30100_beatdetector.o
    0x20000058   0x08004ba8   0x00000008   Data   RW         3744    .data               max30100_filters.o
    0x20000060   0x08004bb0   0x00000033   Data   RW         3798    .data               max30100_pulseoximeter.o
    0x20000093   0x08004be3   0x00000001   PAD
    0x20000094   0x08004be4   0x0000003d   Data   RW         3893    .data               max30100_spo2calculator.o
    0x200000d1   0x08004c21   0x00000003   PAD
    0x200000d4   0x08004c24   0x00000004   Data   RW         3998    .data               timer3.o
    0x200000d8   0x08004c28   0x00000004   Data   RW         4026    .data               onenet.o
    0x200000dc   0x08004c2c   0x00000004   Data   RW         4560    .data               mc_w.l(stdout.o)
    0x200000e0   0x08004c30   0x00000004   Data   RW         4569    .data               mc_w.l(mvars.o)
    0x200000e4   0x08004c34   0x00000004   Data   RW         4570    .data               mc_w.l(mvars.o)
    0x200000e8   0x08004c38   0x00000004   Data   RW         4574    .data               mc_w.l(errno.o)
    0x200000ec        -       0x00000100   Zero   RW         3409    .bss                sim900.o
    0x200001ec   0x08004c3c   0x00000004   PAD
    0x200001f0        -       0x00000200   Zero   RW            2    HEAP                startup_stm32f10x_md.o
    0x200003f0        -       0x00000400   Zero   RW            1    STACK               startup_stm32f10x_md.o


==============================================================================

Image component sizes


      Code (inc. data)   RO Data    RW Data    ZI Data      Debug   Object Name

       384         30          0          0          0       3330   bsp_dht11.o
       188         28          0          4          0      17181   bsp_systick.o
       458         22          0          0          0       5301   bsp_usart.o
         0          0          0          0          0       4496   core_cm3.o
      1574         18          0          0          0      10341   edpkit.o
       236         66          0         12          0       5732   main.o
       438         10          0          5          0       8786   max30100.o
       718        110          0         20          0       4763   max30100_beatdetector.o
       154         22          0          8          0       2245   max30100_filters.o
       554        118          0         51          0       5997   max30100_pulseoximeter.o
       360         64          0         61          0       2590   max30100_spo2calculator.o
       132         22          0          0          0       1495   misc.o
       876         38          0          0          0       7126   mlx90614.o
       678        108          0          0          0       4467   myiic.o
      1664        832          0          4          0       5949   onenet.o
      1360        576          0          4        256       6219   sim900.o
        36          8        236          0       1536        848   startup_stm32f10x_md.o
       304          0          0          0          0       3568   stm32f10x_gpio.o
        32          0          0          0          0       3770   stm32f10x_it.o
       276         32          0         20          0       4366   stm32f10x_rcc.o
       246         42          0          0          0       3466   stm32f10x_tim.o
       450          6          0          0          0       6019   stm32f10x_usart.o
       328         28          0         20          0     249117   system_stm32f10x.o
       148         20          0          4          0       1787   timer3.o
        56          0          0          0          0       1141   warning.o

    ----------------------------------------------------------------------
     11680       2200        268        220       1796     370100   Object Totals
         0          0         32          0          0          0   (incl. Generated)
        30          0          0          7          4          0   (incl. Padding)

    ----------------------------------------------------------------------

      Code (inc. data)   RO Data    RW Data    ZI Data      Debug   Library Member Name

        34          4          0          0          0        204   dunder.o
       860         52         56          0          0        256   log.o
       170          0          0          0          0         96   poly.o
         0          0          8          0          0          0   qnan.o
         0          0          0          0          0          0   entry.o
         0          0          0          0          0          0   entry10a.o
         0          0          0          0          0          0   entry11a.o
         8          4          0          0          0          0   entry2.o
         4          0          0          0          0          0   entry5.o
         0          0          0          0          0          0   entry7b.o
         0          0          0          0          0          0   entry8b.o
         8          4          0          0          0          0   entry9a.o
        12          6          0          4          0         68   errno.o
        30          0          0          0          0          0   handlers.o
        36          8          0          0          0         68   init.o
         0          0          0          0          0          0   iusefp.o
        30          0          0          0          0         68   llshl.o
        36          0          0          0          0         68   llsshr.o
        32          0          0          0          0         68   llushr.o
       188         20          0          0          0        160   malloc.o
        36          0          0          0          0         68   memcpya.o
        36          0          0          0          0        108   memseta.o
         0          0          0          8          0          0   mvars.o
      1204         60          0          0          0        504   printf8.o
      2284         94          0          0          0        592   printfa.o
         0          0          0          4          0          0   stdout.o
        24          0          0          0          0         68   strcat.o
        20          0          0          0          0         68   strchr.o
        14          0          0          0          0         68   strlen.o
        40          0          0          0          0         76   strncat.o
        36          0          0          0          0         80   strstr.o
        44          0          0          0          0         80   uidiv.o
        98          0          0          0          0         92   uldiv.o
        48          0          0          0          0         68   cdcmple.o
        48          0          0          0          0         68   cdrcmple.o
        20          0          0          0          0         68   cfcmple.o
        20          0          0          0          0         68   cfrcmple.o
        56          0          0          0          0         88   d2f.o
       334          0          0          0          0        148   dadd.o
       222          0          0          0          0        100   ddiv.o
       186          0          0          0          0        176   depilogue.o
        48          0          0          0          0         68   dfixul.o
        34          0          0          0          0         76   dflti.o
        26          0          0          0          0         76   dfltui.o
       228          0          0          0          0         96   dmul.o
        46          0          0          0          0         80   dscalb.o
        38          0          0          0          0         68   f2d.o
       176          0          0          0          0        140   fadd.o
       124          0          0          0          0         88   fdiv.o
       110          0          0          0          0        168   fepilogue.o
        50          0          0          0          0         68   ffixi.o
        40          0          0          0          0         68   ffixui.o
        18          0          0          0          0         68   fflti.o
        10          0          0          0          0         68   ffltui.o
       100          0          0          0          0         76   fmul.o

    ----------------------------------------------------------------------
      7268        252         64         16          0       4852   Library Totals
         2          0          0          0          0          0   (incl. Padding)

    ----------------------------------------------------------------------

      Code (inc. data)   RO Data    RW Data    ZI Data      Debug   Library Name

      1064         56         64          0          0        556   m_ws.l
      4220        196          0         16          0       2304   mc_w.l
      1982          0          0          0          0       1992   mf_w.l

    ----------------------------------------------------------------------
      7268        252         64         16          0       4852   Library Totals

    ----------------------------------------------------------------------

==============================================================================


      Code (inc. data)   RO Data    RW Data    ZI Data      Debug   

     18948       2452        332        236       1796     366108   Grand Totals
     18948       2452        332        236       1796     366108   ELF Image Totals
     18948       2452        332        236          0          0   ROM Totals

==============================================================================

    Total RO  Size (Code + RO Data)                19280 (  18.83kB)
    Total RW  Size (RW Data + ZI Data)              2032 (   1.98kB)
    Total ROM Size (Code + RO Data + RW Data)      19516 (  19.06kB)

==============================================================================

